INFO: [VRFC 10-2263] Analyzing SystemVerilog file "E:/lab4/datapath_4/pkg/alu_opcodes_pkg.sv" into library xil_defaultlib
INFO: [VRFC 10-2263] Analyzing SystemVerilog file "E:/lab5/l5_lsu/pkg/alu_opcodes_pkg.sv" into library xil_defaultlib
WARNING: [VRFC 10-3264] design element 'alu_opcodes_pkg' is previously defined, ignoring this definition [E:/lab5/l5_lsu/pkg/alu_opcodes_pkg.sv:11]
INFO: [VRFC 10-2263] Analyzing SystemVerilog file "E:/lab5/l5_lsu/alu.sv" into library xil_defaultlib
INFO: [VRFC 10-311] analyzing module alu
INFO: [VRFC 10-2263] Analyzing SystemVerilog file "E:/lab4/datapath_4/pkg/csr_pkg.sv" into library xil_defaultlib
INFO: [VRFC 10-2263] Analyzing SystemVerilog file "E:/lab5/l5_lsu/pkg/csr_pkg.sv" into library xil_defaultlib
WARNING: [VRFC 10-3264] design element 'csr_pkg' is previously defined, ignoring this definition [E:/lab5/l5_lsu/pkg/csr_pkg.sv:11]
INFO: [VRFC 10-2263] Analyzing SystemVerilog file "E:/lab4/datapath_4/pkg/memory_pkg.sv" into library xil_defaultlib
INFO: [VRFC 10-2263] Analyzing SystemVerilog file "E:/lab5/l5_lsu/pkg/memory_pkg.sv" into library xil_defaultlib
WARNING: [VRFC 10-3264] design element 'memory_pkg' is previously defined, ignoring this definition [E:/lab5/l5_lsu/pkg/memory_pkg.sv:11]
INFO: [VRFC 10-2263] Analyzing SystemVerilog file "E:/lab5/l5_lsu/data_mem.sv" into library xil_defaultlib
INFO: [VRFC 10-311] analyzing module data_mem
INFO: [VRFC 10-2263] Analyzing SystemVerilog file "E:/lab4/datapath_4/pkg/decoder_pkg.sv" into library xil_defaultlib
INFO: [VRFC 10-2263] Analyzing SystemVerilog file "E:/lab5/l5_lsu/decoder_pkg.sv" into library xil_defaultlib
WARNING: [VRFC 10-3264] design element 'decoder_pkg' is previously defined, ignoring this definition [E:/lab5/l5_lsu/decoder_pkg.sv:11]
INFO: [VRFC 10-2263] Analyzing SystemVerilog file "E:/lab5/l5_lsu/pkg/decoder_pkg.sv" into library xil_defaultlib
WARNING: [VRFC 10-3609] overwriting previous definition of package 'decoder_pkg' [E:/lab5/l5_lsu/pkg/decoder_pkg.sv:11]
INFO: [VRFC 10-2263] Analyzing SystemVerilog file "E:/lab4/datapath_4/decoder.sv" into library xil_defaultlib
INFO: [VRFC 10-311] analyzing module decoder
ERROR: [VRFC 10-2989] 'ALU_ADD' is not declared [E:/lab4/datapath_4/decoder.sv:44]
ERROR: [VRFC 10-2989] 'ALU_XOR' is not declared [E:/lab4/datapath_4/decoder.sv:45]
ERROR: [VRFC 10-2989] 'ALU_OR' is not declared [E:/lab4/datapath_4/decoder.sv:46]
ERROR: [VRFC 10-2989] 'ALU_AND' is not declared [E:/lab4/datapath_4/decoder.sv:47]
ERROR: [VRFC 10-2989] 'ALU_SLL' is not declared [E:/lab4/datapath_4/decoder.sv:48]
ERROR: [VRFC 10-2989] 'ALU_SRL' is not declared [E:/lab4/datapath_4/decoder.sv:49]
ERROR: [VRFC 10-2989] 'ALU_SLTS' is not declared [E:/lab4/datapath_4/decoder.sv:50]
ERROR: [VRFC 10-2989] 'ALU_SLTU' is not declared [E:/lab4/datapath_4/decoder.sv:51]
ERROR: [VRFC 10-2989] 'ALU_SUB' is not declared [E:/lab4/datapath_4/decoder.sv:57]
ERROR: [VRFC 10-2989] 'ALU_SRA' is not declared [E:/lab4/datapath_4/decoder.sv:58]
ERROR: [VRFC 10-2989] 'ALU_ADD' is not declared [E:/lab4/datapath_4/decoder.sv:71]
ERROR: [VRFC 10-2989] 'ALU_XOR' is not declared [E:/lab4/datapath_4/decoder.sv:72]
ERROR: [VRFC 10-2989] 'ALU_OR' is not declared [E:/lab4/datapath_4/decoder.sv:73]
ERROR: [VRFC 10-2989] 'ALU_AND' is not declared [E:/lab4/datapath_4/decoder.sv:74]
ERROR: [VRFC 10-2989] 'ALU_SLTS' is not declared [E:/lab4/datapath_4/decoder.sv:75]
ERROR: [VRFC 10-2989] 'ALU_SLTU' is not declared [E:/lab4/datapath_4/decoder.sv:76]
ERROR: [VRFC 10-2989] 'ALU_SLL' is not declared [E:/lab4/datapath_4/decoder.sv:78]
ERROR: [VRFC 10-2989] 'ALU_SRL' is not declared [E:/lab4/datapath_4/decoder.sv:83]
ERROR: [VRFC 10-2989] 'ALU_SRA' is not declared [E:/lab4/datapath_4/decoder.sv:84]
INFO: [#UNDEF] Sorry, too many errors..
