#-----------------------------------------------------------
# Vivado v2018.3 (64-bit)
# SW Build 2405991 on Thu Dec  6 23:38:27 MST 2018
# IP Build 2404404 on Fri Dec  7 01:43:56 MST 2018
# Start of session at: Sun Oct 19 11:15:23 2025
# Process ID: 7868
# Current directory: E:/lab6/project_1/project_1.sim/sim_1/behav/xsim
# Command line: vivado.exe -gui_launcher_event rodinguilauncherevent7936 E:\lab6\project_1\project_1.sim\sim_1\behav\xsim\lab_10_tb_csr_behav.wdb
# Log file: E:/lab6/project_1/project_1.sim/sim_1/behav/xsim/vivado.log
# Journal file: E:/lab6/project_1/project_1.sim/sim_1/behav/xsim\vivado.jou
#-----------------------------------------------------------
start_gui
open_wave_database {E:\lab6\project_1\project_1.sim\sim_1\behav\xsim\lab_10_tb_csr_behav.wdb}
INFO: [IP_Flow 19-234] Refreshing IP repositories
INFO: [IP_Flow 19-1704] No user IP repositories specified
INFO: [IP_Flow 19-2313] Loaded Vivado IP repository 'E:/vivado/Vivado/2018.3/data/ip'.
current_fileset: Time (s): cpu = 00:00:09 ; elapsed = 00:00:09 . Memory (MB): peak = 729.875 ; gain = 150.363
open_wave_database: Time (s): cpu = 00:00:12 ; elapsed = 00:00:10 . Memory (MB): peak = 732.531 ; gain = 153.020
close_sim
INFO: [Simtcl 6-16] Simulation closed
exit
INFO: [Common 17-206] Exiting Vivado at Sun Oct 19 11:16:06 2025...
