Copyright 1986-2018 Xilinx, Inc. All Rights Reserved.
--------------------------------------------------------------------------------------------------------------------------------------------------------------------------------------------------------
| Tool Version : Vivado v.2018.3 (win64) Build 2405991 Thu Dec  6 23:38:27 MST 2018
| Date         : Sun Sep  7 12:23:46 2025
| Host         : DESKTOP-JR8I11I running 64-bit major release  (build 9200)
| Command      : report_timing_summary -max_paths 10 -file nexys_adder_timing_summary_routed.rpt -pb nexys_adder_timing_summary_routed.pb -rpx nexys_adder_timing_summary_routed.rpx -warn_on_violation
| Design       : nexys_adder
| Device       : 7a100t-csg324
| Speed File   : -1  PRODUCTION 1.23 2018-06-13
--------------------------------------------------------------------------------------------------------------------------------------------------------------------------------------------------------

Timing Summary Report

------------------------------------------------------------------------------------------------
| Timer Settings
| --------------
------------------------------------------------------------------------------------------------

  Enable Multi Corner Analysis               :  Yes
  Enable Pessimism Removal                   :  Yes
  Pessimism Removal Resolution               :  Nearest Common Node
  Enable Input Delay Default Clock           :  No
  Enable Preset / Clear Arcs                 :  No
  Disable Flight Delays                      :  No
  Ignore I/O Paths                           :  No
  Timing Early Launch at Borrowing Latches   :  false

  Corner  Analyze    Analyze    
  Name    Max Paths  Min Paths  
  ------  ---------  ---------  
  Slow    Yes        Yes        
  Fast    Yes        Yes        



check_timing report

Table of Contents
-----------------
1. checking no_clock
2. checking constant_clock
3. checking pulse_width_clock
4. checking unconstrained_internal_endpoints
5. checking no_input_delay
6. checking no_output_delay
7. checking multiple_clock
8. checking generated_clocks
9. checking loops
10. checking partial_input_delay
11. checking partial_output_delay
12. checking latch_loops

1. checking no_clock
--------------------
 There are 0 register/latch pins with no clock.


2. checking constant_clock
--------------------------
 There are 0 register/latch pins with constant_clock.


3. checking pulse_width_clock
-----------------------------
 There are 0 register/latch pins which need pulse_width check


4. checking unconstrained_internal_endpoints
--------------------------------------------
 There are 0 pins that are not constrained for maximum delay.

 There are 0 pins that are not constrained for maximum delay due to constant clock.


5. checking no_input_delay
--------------------------
 There are 18 input ports with no input delay specified. (HIGH)

 There are 0 input ports with no input delay but user has a false path constraint.


6. checking no_output_delay
---------------------------
 There are 24 ports with no output delay specified. (HIGH)

 There are 0 ports with no output delay but user has a false path constraint

 There are 0 ports with no output delay but with a timing clock defined on it or propagating through it


7. checking multiple_clock
--------------------------
 There are 0 register/latch pins with multiple clocks.


8. checking generated_clocks
----------------------------
 There are 0 generated clocks that are not connected to a clock source.


9. checking loops
-----------------
 There are 0 combinational loops in the design.


10. checking partial_input_delay
--------------------------------
 There are 0 input ports with partial input delay specified.


11. checking partial_output_delay
---------------------------------
 There are 0 ports with partial output delay specified.


12. checking latch_loops
------------------------
 There are 0 combinational latch loops in the design through latch input



------------------------------------------------------------------------------------------------
| Design Timing Summary
| ---------------------
------------------------------------------------------------------------------------------------

    WNS(ns)      TNS(ns)  TNS Failing Endpoints  TNS Total Endpoints      WHS(ns)      THS(ns)  THS Failing Endpoints  THS Total Endpoints     WPWS(ns)     TPWS(ns)  TPWS Failing Endpoints  TPWS Total Endpoints  
    -------      -------  ---------------------  -------------------      -------      -------  ---------------------  -------------------     --------     --------  ----------------------  --------------------  
      5.871        0.000                      0                   59        0.201        0.000                      0                   59        4.500        0.000                       0                    43  


All user specified timing constraints are met.


------------------------------------------------------------------------------------------------
| Clock Summary
| -------------
------------------------------------------------------------------------------------------------

Clock        Waveform(ns)       Period(ns)      Frequency(MHz)
-----        ------------       ----------      --------------
sys_clk_pin  {0.000 5.000}      10.000          100.000         


------------------------------------------------------------------------------------------------
| Intra Clock Table
| -----------------
------------------------------------------------------------------------------------------------

Clock             WNS(ns)      TNS(ns)  TNS Failing Endpoints  TNS Total Endpoints      WHS(ns)      THS(ns)  THS Failing Endpoints  THS Total Endpoints     WPWS(ns)     TPWS(ns)  TPWS Failing Endpoints  TPWS Total Endpoints  
-----             -------      -------  ---------------------  -------------------      -------      -------  ---------------------  -------------------     --------     --------  ----------------------  --------------------  
sys_clk_pin         5.871        0.000                      0                   59        0.201        0.000                      0                   59        4.500        0.000                       0                    43  


------------------------------------------------------------------------------------------------
| Inter Clock Table
| -----------------
------------------------------------------------------------------------------------------------

From Clock    To Clock          WNS(ns)      TNS(ns)  TNS Failing Endpoints  TNS Total Endpoints      WHS(ns)      THS(ns)  THS Failing Endpoints  THS Total Endpoints  
----------    --------          -------      -------  ---------------------  -------------------      -------      -------  ---------------------  -------------------  


------------------------------------------------------------------------------------------------
| Other Path Groups Table
| -----------------------
------------------------------------------------------------------------------------------------

Path Group    From Clock    To Clock          WNS(ns)      TNS(ns)  TNS Failing Endpoints  TNS Total Endpoints      WHS(ns)      THS(ns)  THS Failing Endpoints  THS Total Endpoints  
----------    ----------    --------          -------      -------  ---------------------  -------------------      -------      -------  ---------------------  -------------------  


------------------------------------------------------------------------------------------------
| Timing Details
| --------------
------------------------------------------------------------------------------------------------


---------------------------------------------------------------------------------------------------
From Clock:  sys_clk_pin
  To Clock:  sys_clk_pin

Setup :            0  Failing Endpoints,  Worst Slack        5.871ns,  Total Violation        0.000ns
Hold  :            0  Failing Endpoints,  Worst Slack        0.201ns,  Total Violation        0.000ns
PW    :            0  Failing Endpoints,  Worst Slack        4.500ns,  Total Violation        0.000ns
---------------------------------------------------------------------------------------------------


Max Delay Paths
--------------------------------------------------------------------------------------
Slack (MET) :             5.871ns  (required time - arrival time)
  Source:                 ANreg_reg[0]/C
                            (rising edge-triggered cell FDSE clocked by sys_clk_pin  {rise@0.000ns fall@5.000ns period=10.000ns})
  Destination:            semseg_reg[1]/D
                            (rising edge-triggered cell FDRE clocked by sys_clk_pin  {rise@0.000ns fall@5.000ns period=10.000ns})
  Path Group:             sys_clk_pin
  Path Type:              Setup (Max at Slow Process Corner)
  Requirement:            10.000ns  (sys_clk_pin rise@10.000ns - sys_clk_pin rise@0.000ns)
  Data Path Delay:        4.097ns  (logic 1.242ns (30.312%)  route 2.855ns (69.688%))
  Logic Levels:           4  (LUT2=1 LUT4=1 LUT5=1 LUT6=1)
  Clock Path Skew:        -0.025ns (DCD - SCD + CPR)
    Destination Clock Delay (DCD):    5.028ns = ( 15.028 - 10.000 ) 
    Source Clock Delay      (SCD):    5.328ns
    Clock Pessimism Removal (CPR):    0.275ns
  Clock Uncertainty:      0.035ns  ((TSJ^2 + TIJ^2)^1/2 + DJ) / 2 + PE
    Total System Jitter     (TSJ):    0.071ns
    Total Input Jitter      (TIJ):    0.000ns
    Discrete Jitter          (DJ):    0.000ns
    Phase Error              (PE):    0.000ns

    Location             Delay type                Incr(ns)  Path(ns)    Netlist Resource(s)
  -------------------------------------------------------------------    -------------------
                         (clock sys_clk_pin rise edge)
                                                      0.000     0.000 r  
    E3                                                0.000     0.000 r  CLK100 (IN)
                         net (fo=0)                   0.000     0.000    CLK100
    E3                   IBUF (Prop_ibuf_I_O)         1.482     1.482 r  CLK100_IBUF_inst/O
                         net (fo=1, routed)           2.025     3.506    CLK100_IBUF
    BUFGCTRL_X0Y16       BUFG (Prop_bufg_I_O)         0.096     3.602 r  CLK100_IBUF_BUFG_inst/O
                         net (fo=42, routed)          1.725     5.328    CLK100_IBUF_BUFG
    SLICE_X2Y96          FDSE                                         r  ANreg_reg[0]/C
  -------------------------------------------------------------------    -------------------
    SLICE_X2Y96          FDSE (Prop_fdse_C_Q)         0.518     5.846 r  ANreg_reg[0]/Q
                         net (fo=16, routed)          0.872     6.717    AN_OBUF[0]
    SLICE_X1Y97          LUT2 (Prop_lut2_I1_O)        0.150     6.867 f  DPr_i_3/O
                         net (fo=4, routed)           0.860     7.727    DPr_i_3_n_0
    SLICE_X0Y96          LUT4 (Prop_lut4_I2_O)        0.326     8.053 r  semseg[3]_i_8/O
                         net (fo=4, routed)           0.619     8.672    semseg[3]_i_8_n_0
    SLICE_X2Y96          LUT5 (Prop_lut5_I0_O)        0.124     8.796 r  semseg[1]_i_2/O
                         net (fo=1, routed)           0.505     9.301    semseg[1]_i_2_n_0
    SLICE_X1Y96          LUT6 (Prop_lut6_I0_O)        0.124     9.425 r  semseg[1]_i_1/O
                         net (fo=1, routed)           0.000     9.425    semseg[1]
    SLICE_X1Y96          FDRE                                         r  semseg_reg[1]/D
  -------------------------------------------------------------------    -------------------

                         (clock sys_clk_pin rise edge)
                                                     10.000    10.000 r  
    E3                                                0.000    10.000 r  CLK100 (IN)
                         net (fo=0)                   0.000    10.000    CLK100
    E3                   IBUF (Prop_ibuf_I_O)         1.411    11.411 r  CLK100_IBUF_inst/O
                         net (fo=1, routed)           1.920    13.331    CLK100_IBUF
    BUFGCTRL_X0Y16       BUFG (Prop_bufg_I_O)         0.091    13.422 r  CLK100_IBUF_BUFG_inst/O
                         net (fo=42, routed)          1.605    15.028    CLK100_IBUF_BUFG
    SLICE_X1Y96          FDRE                                         r  semseg_reg[1]/C
                         clock pessimism              0.275    15.303    
                         clock uncertainty           -0.035    15.267    
    SLICE_X1Y96          FDRE (Setup_fdre_C_D)        0.029    15.296    semseg_reg[1]
  -------------------------------------------------------------------
                         required time                         15.296    
                         arrival time                          -9.425    
  -------------------------------------------------------------------
                         slack                                  5.871    

Slack (MET) :             5.960ns  (required time - arrival time)
  Source:                 ANreg_reg[0]/C
                            (rising edge-triggered cell FDSE clocked by sys_clk_pin  {rise@0.000ns fall@5.000ns period=10.000ns})
  Destination:            semseg_reg[3]/D
                            (rising edge-triggered cell FDRE clocked by sys_clk_pin  {rise@0.000ns fall@5.000ns period=10.000ns})
  Path Group:             sys_clk_pin
  Path Type:              Setup (Max at Slow Process Corner)
  Requirement:            10.000ns  (sys_clk_pin rise@10.000ns - sys_clk_pin rise@0.000ns)
  Data Path Delay:        4.012ns  (logic 1.242ns (30.961%)  route 2.770ns (69.039%))
  Logic Levels:           4  (LUT2=1 LUT4=1 LUT5=1 LUT6=1)
  Clock Path Skew:        -0.025ns (DCD - SCD + CPR)
    Destination Clock Delay (DCD):    5.028ns = ( 15.028 - 10.000 ) 
    Source Clock Delay      (SCD):    5.328ns
    Clock Pessimism Removal (CPR):    0.275ns
  Clock Uncertainty:      0.035ns  ((TSJ^2 + TIJ^2)^1/2 + DJ) / 2 + PE
    Total System Jitter     (TSJ):    0.071ns
    Total Input Jitter      (TIJ):    0.000ns
    Discrete Jitter          (DJ):    0.000ns
    Phase Error              (PE):    0.000ns

    Location             Delay type                Incr(ns)  Path(ns)    Netlist Resource(s)
  -------------------------------------------------------------------    -------------------
                         (clock sys_clk_pin rise edge)
                                                      0.000     0.000 r  
    E3                                                0.000     0.000 r  CLK100 (IN)
                         net (fo=0)                   0.000     0.000    CLK100
    E3                   IBUF (Prop_ibuf_I_O)         1.482     1.482 r  CLK100_IBUF_inst/O
                         net (fo=1, routed)           2.025     3.506    CLK100_IBUF
    BUFGCTRL_X0Y16       BUFG (Prop_bufg_I_O)         0.096     3.602 r  CLK100_IBUF_BUFG_inst/O
                         net (fo=42, routed)          1.725     5.328    CLK100_IBUF_BUFG
    SLICE_X2Y96          FDSE                                         r  ANreg_reg[0]/C
  -------------------------------------------------------------------    -------------------
    SLICE_X2Y96          FDSE (Prop_fdse_C_Q)         0.518     5.846 r  ANreg_reg[0]/Q
                         net (fo=16, routed)          0.872     6.717    AN_OBUF[0]
    SLICE_X1Y97          LUT2 (Prop_lut2_I1_O)        0.150     6.867 f  DPr_i_3/O
                         net (fo=4, routed)           0.860     7.727    DPr_i_3_n_0
    SLICE_X0Y96          LUT4 (Prop_lut4_I2_O)        0.326     8.053 r  semseg[3]_i_8/O
                         net (fo=4, routed)           0.751     8.804    semseg[3]_i_8_n_0
    SLICE_X2Y95          LUT5 (Prop_lut5_I0_O)        0.124     8.928 r  semseg[3]_i_4/O
                         net (fo=1, routed)           0.287     9.215    semseg[3]_i_4_n_0
    SLICE_X1Y95          LUT6 (Prop_lut6_I0_O)        0.124     9.339 r  semseg[3]_i_2/O
                         net (fo=1, routed)           0.000     9.339    semseg[3]
    SLICE_X1Y95          FDRE                                         r  semseg_reg[3]/D
  -------------------------------------------------------------------    -------------------

                         (clock sys_clk_pin rise edge)
                                                     10.000    10.000 r  
    E3                                                0.000    10.000 r  CLK100 (IN)
                         net (fo=0)                   0.000    10.000    CLK100
    E3                   IBUF (Prop_ibuf_I_O)         1.411    11.411 r  CLK100_IBUF_inst/O
                         net (fo=1, routed)           1.920    13.331    CLK100_IBUF
    BUFGCTRL_X0Y16       BUFG (Prop_bufg_I_O)         0.091    13.422 r  CLK100_IBUF_BUFG_inst/O
                         net (fo=42, routed)          1.605    15.028    CLK100_IBUF_BUFG
    SLICE_X1Y95          FDRE                                         r  semseg_reg[3]/C
                         clock pessimism              0.275    15.303    
                         clock uncertainty           -0.035    15.267    
    SLICE_X1Y95          FDRE (Setup_fdre_C_D)        0.032    15.299    semseg_reg[3]
  -------------------------------------------------------------------
                         required time                         15.299    
                         arrival time                          -9.339    
  -------------------------------------------------------------------
                         slack                                  5.960    

Slack (MET) :             5.970ns  (required time - arrival time)
  Source:                 ANreg_reg[0]/C
                            (rising edge-triggered cell FDSE clocked by sys_clk_pin  {rise@0.000ns fall@5.000ns period=10.000ns})
  Destination:            semseg_reg[2]/D
                            (rising edge-triggered cell FDRE clocked by sys_clk_pin  {rise@0.000ns fall@5.000ns period=10.000ns})
  Path Group:             sys_clk_pin
  Path Type:              Setup (Max at Slow Process Corner)
  Requirement:            10.000ns  (sys_clk_pin rise@10.000ns - sys_clk_pin rise@0.000ns)
  Data Path Delay:        4.001ns  (logic 1.242ns (31.046%)  route 2.759ns (68.954%))
  Logic Levels:           4  (LUT2=1 LUT4=1 LUT5=1 LUT6=1)
  Clock Path Skew:        -0.025ns (DCD - SCD + CPR)
    Destination Clock Delay (DCD):    5.028ns = ( 15.028 - 10.000 ) 
    Source Clock Delay      (SCD):    5.328ns
    Clock Pessimism Removal (CPR):    0.275ns
  Clock Uncertainty:      0.035ns  ((TSJ^2 + TIJ^2)^1/2 + DJ) / 2 + PE
    Total System Jitter     (TSJ):    0.071ns
    Total Input Jitter      (TIJ):    0.000ns
    Discrete Jitter          (DJ):    0.000ns
    Phase Error              (PE):    0.000ns

    Location             Delay type                Incr(ns)  Path(ns)    Netlist Resource(s)
  -------------------------------------------------------------------    -------------------
                         (clock sys_clk_pin rise edge)
                                                      0.000     0.000 r  
    E3                                                0.000     0.000 r  CLK100 (IN)
                         net (fo=0)                   0.000     0.000    CLK100
    E3                   IBUF (Prop_ibuf_I_O)         1.482     1.482 r  CLK100_IBUF_inst/O
                         net (fo=1, routed)           2.025     3.506    CLK100_IBUF
    BUFGCTRL_X0Y16       BUFG (Prop_bufg_I_O)         0.096     3.602 r  CLK100_IBUF_BUFG_inst/O
                         net (fo=42, routed)          1.725     5.328    CLK100_IBUF_BUFG
    SLICE_X2Y96          FDSE                                         r  ANreg_reg[0]/C
  -------------------------------------------------------------------    -------------------
    SLICE_X2Y96          FDSE (Prop_fdse_C_Q)         0.518     5.846 r  ANreg_reg[0]/Q
                         net (fo=16, routed)          0.872     6.717    AN_OBUF[0]
    SLICE_X1Y97          LUT2 (Prop_lut2_I1_O)        0.150     6.867 f  DPr_i_3/O
                         net (fo=4, routed)           0.860     7.727    DPr_i_3_n_0
    SLICE_X0Y96          LUT4 (Prop_lut4_I2_O)        0.326     8.053 r  semseg[3]_i_8/O
                         net (fo=4, routed)           0.464     8.517    semseg[3]_i_8_n_0
    SLICE_X2Y95          LUT5 (Prop_lut5_I0_O)        0.124     8.641 r  semseg[2]_i_2/O
                         net (fo=1, routed)           0.563     9.204    semseg[2]_i_2_n_0
    SLICE_X1Y95          LUT6 (Prop_lut6_I0_O)        0.124     9.328 r  semseg[2]_i_1/O
                         net (fo=1, routed)           0.000     9.328    semseg[2]
    SLICE_X1Y95          FDRE                                         r  semseg_reg[2]/D
  -------------------------------------------------------------------    -------------------

                         (clock sys_clk_pin rise edge)
                                                     10.000    10.000 r  
    E3                                                0.000    10.000 r  CLK100 (IN)
                         net (fo=0)                   0.000    10.000    CLK100
    E3                   IBUF (Prop_ibuf_I_O)         1.411    11.411 r  CLK100_IBUF_inst/O
                         net (fo=1, routed)           1.920    13.331    CLK100_IBUF
    BUFGCTRL_X0Y16       BUFG (Prop_bufg_I_O)         0.091    13.422 r  CLK100_IBUF_BUFG_inst/O
                         net (fo=42, routed)          1.605    15.028    CLK100_IBUF_BUFG
    SLICE_X1Y95          FDRE                                         r  semseg_reg[2]/C
                         clock pessimism              0.275    15.303    
                         clock uncertainty           -0.035    15.267    
    SLICE_X1Y95          FDRE (Setup_fdre_C_D)        0.031    15.298    semseg_reg[2]
  -------------------------------------------------------------------
                         required time                         15.298    
                         arrival time                          -9.328    
  -------------------------------------------------------------------
                         slack                                  5.970    

Slack (MET) :             6.359ns  (required time - arrival time)
  Source:                 counter_reg[7]/C
                            (rising edge-triggered cell FDRE clocked by sys_clk_pin  {rise@0.000ns fall@5.000ns period=10.000ns})
  Destination:            ANreg_reg[0]/CE
                            (rising edge-triggered cell FDSE clocked by sys_clk_pin  {rise@0.000ns fall@5.000ns period=10.000ns})
  Path Group:             sys_clk_pin
  Path Type:              Setup (Max at Slow Process Corner)
  Requirement:            10.000ns  (sys_clk_pin rise@10.000ns - sys_clk_pin rise@0.000ns)
  Data Path Delay:        3.334ns  (logic 0.900ns (26.992%)  route 2.434ns (73.008%))
  Logic Levels:           2  (LUT4=2)
  Clock Path Skew:        -0.103ns (DCD - SCD + CPR)
    Destination Clock Delay (DCD):    5.028ns = ( 15.028 - 10.000 ) 
    Source Clock Delay      (SCD):    5.310ns
    Clock Pessimism Removal (CPR):    0.180ns
  Clock Uncertainty:      0.035ns  ((TSJ^2 + TIJ^2)^1/2 + DJ) / 2 + PE
    Total System Jitter     (TSJ):    0.071ns
    Total Input Jitter      (TIJ):    0.000ns
    Discrete Jitter          (DJ):    0.000ns
    Phase Error              (PE):    0.000ns

    Location             Delay type                Incr(ns)  Path(ns)    Netlist Resource(s)
  -------------------------------------------------------------------    -------------------
                         (clock sys_clk_pin rise edge)
                                                      0.000     0.000 r  
    E3                                                0.000     0.000 r  CLK100 (IN)
                         net (fo=0)                   0.000     0.000    CLK100
    E3                   IBUF (Prop_ibuf_I_O)         1.482     1.482 r  CLK100_IBUF_inst/O
                         net (fo=1, routed)           2.025     3.506    CLK100_IBUF
    BUFGCTRL_X0Y16       BUFG (Prop_bufg_I_O)         0.096     3.602 r  CLK100_IBUF_BUFG_inst/O
                         net (fo=42, routed)          1.708     5.310    CLK100_IBUF_BUFG
    SLICE_X4Y103         FDRE                                         r  counter_reg[7]/C
  -------------------------------------------------------------------    -------------------
    SLICE_X4Y103         FDRE (Prop_fdre_C_Q)         0.456     5.766 r  counter_reg[7]/Q
                         net (fo=4, routed)           0.888     6.654    counter_reg__0[7]
    SLICE_X4Y103         LUT4 (Prop_lut4_I0_O)        0.118     6.772 f  ANreg[7]_i_2/O
                         net (fo=2, routed)           0.595     7.367    ANreg[7]_i_2_n_0
    SLICE_X3Y103         LUT4 (Prop_lut4_I3_O)        0.326     7.693 r  ANreg[7]_i_1/O
                         net (fo=11, routed)          0.951     8.645    ANreg[0]
    SLICE_X2Y96          FDSE                                         r  ANreg_reg[0]/CE
  -------------------------------------------------------------------    -------------------

                         (clock sys_clk_pin rise edge)
                                                     10.000    10.000 r  
    E3                                                0.000    10.000 r  CLK100 (IN)
                         net (fo=0)                   0.000    10.000    CLK100
    E3                   IBUF (Prop_ibuf_I_O)         1.411    11.411 r  CLK100_IBUF_inst/O
                         net (fo=1, routed)           1.920    13.331    CLK100_IBUF
    BUFGCTRL_X0Y16       BUFG (Prop_bufg_I_O)         0.091    13.422 r  CLK100_IBUF_BUFG_inst/O
                         net (fo=42, routed)          1.605    15.028    CLK100_IBUF_BUFG
    SLICE_X2Y96          FDSE                                         r  ANreg_reg[0]/C
                         clock pessimism              0.180    15.208    
                         clock uncertainty           -0.035    15.172    
    SLICE_X2Y96          FDSE (Setup_fdse_C_CE)      -0.169    15.003    ANreg_reg[0]
  -------------------------------------------------------------------
                         required time                         15.003    
                         arrival time                          -8.645    
  -------------------------------------------------------------------
                         slack                                  6.359    

Slack (MET) :             6.360ns  (required time - arrival time)
  Source:                 counter_reg[7]/C
                            (rising edge-triggered cell FDRE clocked by sys_clk_pin  {rise@0.000ns fall@5.000ns period=10.000ns})
  Destination:            ANreg_reg[1]/CE
                            (rising edge-triggered cell FDSE clocked by sys_clk_pin  {rise@0.000ns fall@5.000ns period=10.000ns})
  Path Group:             sys_clk_pin
  Path Type:              Setup (Max at Slow Process Corner)
  Requirement:            10.000ns  (sys_clk_pin rise@10.000ns - sys_clk_pin rise@0.000ns)
  Data Path Delay:        3.334ns  (logic 0.900ns (26.992%)  route 2.434ns (73.008%))
  Logic Levels:           2  (LUT4=2)
  Clock Path Skew:        -0.102ns (DCD - SCD + CPR)
    Destination Clock Delay (DCD):    5.029ns = ( 15.029 - 10.000 ) 
    Source Clock Delay      (SCD):    5.310ns
    Clock Pessimism Removal (CPR):    0.180ns
  Clock Uncertainty:      0.035ns  ((TSJ^2 + TIJ^2)^1/2 + DJ) / 2 + PE
    Total System Jitter     (TSJ):    0.071ns
    Total Input Jitter      (TIJ):    0.000ns
    Discrete Jitter          (DJ):    0.000ns
    Phase Error              (PE):    0.000ns

    Location             Delay type                Incr(ns)  Path(ns)    Netlist Resource(s)
  -------------------------------------------------------------------    -------------------
                         (clock sys_clk_pin rise edge)
                                                      0.000     0.000 r  
    E3                                                0.000     0.000 r  CLK100 (IN)
                         net (fo=0)                   0.000     0.000    CLK100
    E3                   IBUF (Prop_ibuf_I_O)         1.482     1.482 r  CLK100_IBUF_inst/O
                         net (fo=1, routed)           2.025     3.506    CLK100_IBUF
    BUFGCTRL_X0Y16       BUFG (Prop_bufg_I_O)         0.096     3.602 r  CLK100_IBUF_BUFG_inst/O
                         net (fo=42, routed)          1.708     5.310    CLK100_IBUF_BUFG
    SLICE_X4Y103         FDRE                                         r  counter_reg[7]/C
  -------------------------------------------------------------------    -------------------
    SLICE_X4Y103         FDRE (Prop_fdre_C_Q)         0.456     5.766 r  counter_reg[7]/Q
                         net (fo=4, routed)           0.888     6.654    counter_reg__0[7]
    SLICE_X4Y103         LUT4 (Prop_lut4_I0_O)        0.118     6.772 f  ANreg[7]_i_2/O
                         net (fo=2, routed)           0.595     7.367    ANreg[7]_i_2_n_0
    SLICE_X3Y103         LUT4 (Prop_lut4_I3_O)        0.326     7.693 r  ANreg[7]_i_1/O
                         net (fo=11, routed)          0.951     8.645    ANreg[0]
    SLICE_X2Y97          FDSE                                         r  ANreg_reg[1]/CE
  -------------------------------------------------------------------    -------------------

                         (clock sys_clk_pin rise edge)
                                                     10.000    10.000 r  
    E3                                                0.000    10.000 r  CLK100 (IN)
                         net (fo=0)                   0.000    10.000    CLK100
    E3                   IBUF (Prop_ibuf_I_O)         1.411    11.411 r  CLK100_IBUF_inst/O
                         net (fo=1, routed)           1.920    13.331    CLK100_IBUF
    BUFGCTRL_X0Y16       BUFG (Prop_bufg_I_O)         0.091    13.422 r  CLK100_IBUF_BUFG_inst/O
                         net (fo=42, routed)          1.606    15.029    CLK100_IBUF_BUFG
    SLICE_X2Y97          FDSE                                         r  ANreg_reg[1]/C
                         clock pessimism              0.180    15.209    
                         clock uncertainty           -0.035    15.173    
    SLICE_X2Y97          FDSE (Setup_fdse_C_CE)      -0.169    15.004    ANreg_reg[1]
  -------------------------------------------------------------------
                         required time                         15.004    
                         arrival time                          -8.645    
  -------------------------------------------------------------------
                         slack                                  6.360    

Slack (MET) :             6.360ns  (required time - arrival time)
  Source:                 counter_reg[7]/C
                            (rising edge-triggered cell FDRE clocked by sys_clk_pin  {rise@0.000ns fall@5.000ns period=10.000ns})
  Destination:            ANreg_reg[2]/CE
                            (rising edge-triggered cell FDSE clocked by sys_clk_pin  {rise@0.000ns fall@5.000ns period=10.000ns})
  Path Group:             sys_clk_pin
  Path Type:              Setup (Max at Slow Process Corner)
  Requirement:            10.000ns  (sys_clk_pin rise@10.000ns - sys_clk_pin rise@0.000ns)
  Data Path Delay:        3.334ns  (logic 0.900ns (26.992%)  route 2.434ns (73.008%))
  Logic Levels:           2  (LUT4=2)
  Clock Path Skew:        -0.102ns (DCD - SCD + CPR)
    Destination Clock Delay (DCD):    5.029ns = ( 15.029 - 10.000 ) 
    Source Clock Delay      (SCD):    5.310ns
    Clock Pessimism Removal (CPR):    0.180ns
  Clock Uncertainty:      0.035ns  ((TSJ^2 + TIJ^2)^1/2 + DJ) / 2 + PE
    Total System Jitter     (TSJ):    0.071ns
    Total Input Jitter      (TIJ):    0.000ns
    Discrete Jitter          (DJ):    0.000ns
    Phase Error              (PE):    0.000ns

    Location             Delay type                Incr(ns)  Path(ns)    Netlist Resource(s)
  -------------------------------------------------------------------    -------------------
                         (clock sys_clk_pin rise edge)
                                                      0.000     0.000 r  
    E3                                                0.000     0.000 r  CLK100 (IN)
                         net (fo=0)                   0.000     0.000    CLK100
    E3                   IBUF (Prop_ibuf_I_O)         1.482     1.482 r  CLK100_IBUF_inst/O
                         net (fo=1, routed)           2.025     3.506    CLK100_IBUF
    BUFGCTRL_X0Y16       BUFG (Prop_bufg_I_O)         0.096     3.602 r  CLK100_IBUF_BUFG_inst/O
                         net (fo=42, routed)          1.708     5.310    CLK100_IBUF_BUFG
    SLICE_X4Y103         FDRE                                         r  counter_reg[7]/C
  -------------------------------------------------------------------    -------------------
    SLICE_X4Y103         FDRE (Prop_fdre_C_Q)         0.456     5.766 r  counter_reg[7]/Q
                         net (fo=4, routed)           0.888     6.654    counter_reg__0[7]
    SLICE_X4Y103         LUT4 (Prop_lut4_I0_O)        0.118     6.772 f  ANreg[7]_i_2/O
                         net (fo=2, routed)           0.595     7.367    ANreg[7]_i_2_n_0
    SLICE_X3Y103         LUT4 (Prop_lut4_I3_O)        0.326     7.693 r  ANreg[7]_i_1/O
                         net (fo=11, routed)          0.951     8.645    ANreg[0]
    SLICE_X2Y97          FDSE                                         r  ANreg_reg[2]/CE
  -------------------------------------------------------------------    -------------------

                         (clock sys_clk_pin rise edge)
                                                     10.000    10.000 r  
    E3                                                0.000    10.000 r  CLK100 (IN)
                         net (fo=0)                   0.000    10.000    CLK100
    E3                   IBUF (Prop_ibuf_I_O)         1.411    11.411 r  CLK100_IBUF_inst/O
                         net (fo=1, routed)           1.920    13.331    CLK100_IBUF
    BUFGCTRL_X0Y16       BUFG (Prop_bufg_I_O)         0.091    13.422 r  CLK100_IBUF_BUFG_inst/O
                         net (fo=42, routed)          1.606    15.029    CLK100_IBUF_BUFG
    SLICE_X2Y97          FDSE                                         r  ANreg_reg[2]/C
                         clock pessimism              0.180    15.209    
                         clock uncertainty           -0.035    15.173    
    SLICE_X2Y97          FDSE (Setup_fdse_C_CE)      -0.169    15.004    ANreg_reg[2]
  -------------------------------------------------------------------
                         required time                         15.004    
                         arrival time                          -8.645    
  -------------------------------------------------------------------
                         slack                                  6.360    

Slack (MET) :             6.360ns  (required time - arrival time)
  Source:                 counter_reg[7]/C
                            (rising edge-triggered cell FDRE clocked by sys_clk_pin  {rise@0.000ns fall@5.000ns period=10.000ns})
  Destination:            ANreg_reg[4]/CE
                            (rising edge-triggered cell FDSE clocked by sys_clk_pin  {rise@0.000ns fall@5.000ns period=10.000ns})
  Path Group:             sys_clk_pin
  Path Type:              Setup (Max at Slow Process Corner)
  Requirement:            10.000ns  (sys_clk_pin rise@10.000ns - sys_clk_pin rise@0.000ns)
  Data Path Delay:        3.334ns  (logic 0.900ns (26.992%)  route 2.434ns (73.008%))
  Logic Levels:           2  (LUT4=2)
  Clock Path Skew:        -0.102ns (DCD - SCD + CPR)
    Destination Clock Delay (DCD):    5.029ns = ( 15.029 - 10.000 ) 
    Source Clock Delay      (SCD):    5.310ns
    Clock Pessimism Removal (CPR):    0.180ns
  Clock Uncertainty:      0.035ns  ((TSJ^2 + TIJ^2)^1/2 + DJ) / 2 + PE
    Total System Jitter     (TSJ):    0.071ns
    Total Input Jitter      (TIJ):    0.000ns
    Discrete Jitter          (DJ):    0.000ns
    Phase Error              (PE):    0.000ns

    Location             Delay type                Incr(ns)  Path(ns)    Netlist Resource(s)
  -------------------------------------------------------------------    -------------------
                         (clock sys_clk_pin rise edge)
                                                      0.000     0.000 r  
    E3                                                0.000     0.000 r  CLK100 (IN)
                         net (fo=0)                   0.000     0.000    CLK100
    E3                   IBUF (Prop_ibuf_I_O)         1.482     1.482 r  CLK100_IBUF_inst/O
                         net (fo=1, routed)           2.025     3.506    CLK100_IBUF
    BUFGCTRL_X0Y16       BUFG (Prop_bufg_I_O)         0.096     3.602 r  CLK100_IBUF_BUFG_inst/O
                         net (fo=42, routed)          1.708     5.310    CLK100_IBUF_BUFG
    SLICE_X4Y103         FDRE                                         r  counter_reg[7]/C
  -------------------------------------------------------------------    -------------------
    SLICE_X4Y103         FDRE (Prop_fdre_C_Q)         0.456     5.766 r  counter_reg[7]/Q
                         net (fo=4, routed)           0.888     6.654    counter_reg__0[7]
    SLICE_X4Y103         LUT4 (Prop_lut4_I0_O)        0.118     6.772 f  ANreg[7]_i_2/O
                         net (fo=2, routed)           0.595     7.367    ANreg[7]_i_2_n_0
    SLICE_X3Y103         LUT4 (Prop_lut4_I3_O)        0.326     7.693 r  ANreg[7]_i_1/O
                         net (fo=11, routed)          0.951     8.645    ANreg[0]
    SLICE_X2Y97          FDSE                                         r  ANreg_reg[4]/CE
  -------------------------------------------------------------------    -------------------

                         (clock sys_clk_pin rise edge)
                                                     10.000    10.000 r  
    E3                                                0.000    10.000 r  CLK100 (IN)
                         net (fo=0)                   0.000    10.000    CLK100
    E3                   IBUF (Prop_ibuf_I_O)         1.411    11.411 r  CLK100_IBUF_inst/O
                         net (fo=1, routed)           1.920    13.331    CLK100_IBUF
    BUFGCTRL_X0Y16       BUFG (Prop_bufg_I_O)         0.091    13.422 r  CLK100_IBUF_BUFG_inst/O
                         net (fo=42, routed)          1.606    15.029    CLK100_IBUF_BUFG
    SLICE_X2Y97          FDSE                                         r  ANreg_reg[4]/C
                         clock pessimism              0.180    15.209    
                         clock uncertainty           -0.035    15.173    
    SLICE_X2Y97          FDSE (Setup_fdse_C_CE)      -0.169    15.004    ANreg_reg[4]
  -------------------------------------------------------------------
                         required time                         15.004    
                         arrival time                          -8.645    
  -------------------------------------------------------------------
                         slack                                  6.360    

Slack (MET) :             6.360ns  (required time - arrival time)
  Source:                 counter_reg[7]/C
                            (rising edge-triggered cell FDRE clocked by sys_clk_pin  {rise@0.000ns fall@5.000ns period=10.000ns})
  Destination:            ANreg_reg[5]/CE
                            (rising edge-triggered cell FDSE clocked by sys_clk_pin  {rise@0.000ns fall@5.000ns period=10.000ns})
  Path Group:             sys_clk_pin
  Path Type:              Setup (Max at Slow Process Corner)
  Requirement:            10.000ns  (sys_clk_pin rise@10.000ns - sys_clk_pin rise@0.000ns)
  Data Path Delay:        3.334ns  (logic 0.900ns (26.992%)  route 2.434ns (73.008%))
  Logic Levels:           2  (LUT4=2)
  Clock Path Skew:        -0.102ns (DCD - SCD + CPR)
    Destination Clock Delay (DCD):    5.029ns = ( 15.029 - 10.000 ) 
    Source Clock Delay      (SCD):    5.310ns
    Clock Pessimism Removal (CPR):    0.180ns
  Clock Uncertainty:      0.035ns  ((TSJ^2 + TIJ^2)^1/2 + DJ) / 2 + PE
    Total System Jitter     (TSJ):    0.071ns
    Total Input Jitter      (TIJ):    0.000ns
    Discrete Jitter          (DJ):    0.000ns
    Phase Error              (PE):    0.000ns

    Location             Delay type                Incr(ns)  Path(ns)    Netlist Resource(s)
  -------------------------------------------------------------------    -------------------
                         (clock sys_clk_pin rise edge)
                                                      0.000     0.000 r  
    E3                                                0.000     0.000 r  CLK100 (IN)
                         net (fo=0)                   0.000     0.000    CLK100
    E3                   IBUF (Prop_ibuf_I_O)         1.482     1.482 r  CLK100_IBUF_inst/O
                         net (fo=1, routed)           2.025     3.506    CLK100_IBUF
    BUFGCTRL_X0Y16       BUFG (Prop_bufg_I_O)         0.096     3.602 r  CLK100_IBUF_BUFG_inst/O
                         net (fo=42, routed)          1.708     5.310    CLK100_IBUF_BUFG
    SLICE_X4Y103         FDRE                                         r  counter_reg[7]/C
  -------------------------------------------------------------------    -------------------
    SLICE_X4Y103         FDRE (Prop_fdre_C_Q)         0.456     5.766 r  counter_reg[7]/Q
                         net (fo=4, routed)           0.888     6.654    counter_reg__0[7]
    SLICE_X4Y103         LUT4 (Prop_lut4_I0_O)        0.118     6.772 f  ANreg[7]_i_2/O
                         net (fo=2, routed)           0.595     7.367    ANreg[7]_i_2_n_0
    SLICE_X3Y103         LUT4 (Prop_lut4_I3_O)        0.326     7.693 r  ANreg[7]_i_1/O
                         net (fo=11, routed)          0.951     8.645    ANreg[0]
    SLICE_X2Y97          FDSE                                         r  ANreg_reg[5]/CE
  -------------------------------------------------------------------    -------------------

                         (clock sys_clk_pin rise edge)
                                                     10.000    10.000 r  
    E3                                                0.000    10.000 r  CLK100 (IN)
                         net (fo=0)                   0.000    10.000    CLK100
    E3                   IBUF (Prop_ibuf_I_O)         1.411    11.411 r  CLK100_IBUF_inst/O
                         net (fo=1, routed)           1.920    13.331    CLK100_IBUF
    BUFGCTRL_X0Y16       BUFG (Prop_bufg_I_O)         0.091    13.422 r  CLK100_IBUF_BUFG_inst/O
                         net (fo=42, routed)          1.606    15.029    CLK100_IBUF_BUFG
    SLICE_X2Y97          FDSE                                         r  ANreg_reg[5]/C
                         clock pessimism              0.180    15.209    
                         clock uncertainty           -0.035    15.173    
    SLICE_X2Y97          FDSE (Setup_fdse_C_CE)      -0.169    15.004    ANreg_reg[5]
  -------------------------------------------------------------------
                         required time                         15.004    
                         arrival time                          -8.645    
  -------------------------------------------------------------------
                         slack                                  6.360    

Slack (MET) :             6.374ns  (required time - arrival time)
  Source:                 ANreg_reg[0]/C
                            (rising edge-triggered cell FDSE clocked by sys_clk_pin  {rise@0.000ns fall@5.000ns period=10.000ns})
  Destination:            semseg_reg[0]/D
                            (rising edge-triggered cell FDRE clocked by sys_clk_pin  {rise@0.000ns fall@5.000ns period=10.000ns})
  Path Group:             sys_clk_pin
  Path Type:              Setup (Max at Slow Process Corner)
  Requirement:            10.000ns  (sys_clk_pin rise@10.000ns - sys_clk_pin rise@0.000ns)
  Data Path Delay:        3.596ns  (logic 1.242ns (34.535%)  route 2.354ns (65.465%))
  Logic Levels:           4  (LUT2=1 LUT4=1 LUT6=2)
  Clock Path Skew:        -0.025ns (DCD - SCD + CPR)
    Destination Clock Delay (DCD):    5.028ns = ( 15.028 - 10.000 ) 
    Source Clock Delay      (SCD):    5.328ns
    Clock Pessimism Removal (CPR):    0.275ns
  Clock Uncertainty:      0.035ns  ((TSJ^2 + TIJ^2)^1/2 + DJ) / 2 + PE
    Total System Jitter     (TSJ):    0.071ns
    Total Input Jitter      (TIJ):    0.000ns
    Discrete Jitter          (DJ):    0.000ns
    Phase Error              (PE):    0.000ns

    Location             Delay type                Incr(ns)  Path(ns)    Netlist Resource(s)
  -------------------------------------------------------------------    -------------------
                         (clock sys_clk_pin rise edge)
                                                      0.000     0.000 r  
    E3                                                0.000     0.000 r  CLK100 (IN)
                         net (fo=0)                   0.000     0.000    CLK100
    E3                   IBUF (Prop_ibuf_I_O)         1.482     1.482 r  CLK100_IBUF_inst/O
                         net (fo=1, routed)           2.025     3.506    CLK100_IBUF
    BUFGCTRL_X0Y16       BUFG (Prop_bufg_I_O)         0.096     3.602 r  CLK100_IBUF_BUFG_inst/O
                         net (fo=42, routed)          1.725     5.328    CLK100_IBUF_BUFG
    SLICE_X2Y96          FDSE                                         r  ANreg_reg[0]/C
  -------------------------------------------------------------------    -------------------
    SLICE_X2Y96          FDSE (Prop_fdse_C_Q)         0.518     5.846 r  ANreg_reg[0]/Q
                         net (fo=16, routed)          0.872     6.717    AN_OBUF[0]
    SLICE_X1Y97          LUT2 (Prop_lut2_I1_O)        0.150     6.867 f  DPr_i_3/O
                         net (fo=4, routed)           0.860     7.727    DPr_i_3_n_0
    SLICE_X0Y96          LUT4 (Prop_lut4_I2_O)        0.326     8.053 r  semseg[3]_i_8/O
                         net (fo=4, routed)           0.170     8.224    semseg[3]_i_8_n_0
    SLICE_X0Y96          LUT6 (Prop_lut6_I1_O)        0.124     8.348 r  semseg[0]_i_4/O
                         net (fo=1, routed)           0.453     8.800    semseg[0]_i_4_n_0
    SLICE_X1Y96          LUT6 (Prop_lut6_I5_O)        0.124     8.924 r  semseg[0]_i_1/O
                         net (fo=1, routed)           0.000     8.924    semseg[0]
    SLICE_X1Y96          FDRE                                         r  semseg_reg[0]/D
  -------------------------------------------------------------------    -------------------

                         (clock sys_clk_pin rise edge)
                                                     10.000    10.000 r  
    E3                                                0.000    10.000 r  CLK100 (IN)
                         net (fo=0)                   0.000    10.000    CLK100
    E3                   IBUF (Prop_ibuf_I_O)         1.411    11.411 r  CLK100_IBUF_inst/O
                         net (fo=1, routed)           1.920    13.331    CLK100_IBUF
    BUFGCTRL_X0Y16       BUFG (Prop_bufg_I_O)         0.091    13.422 r  CLK100_IBUF_BUFG_inst/O
                         net (fo=42, routed)          1.605    15.028    CLK100_IBUF_BUFG
    SLICE_X1Y96          FDRE                                         r  semseg_reg[0]/C
                         clock pessimism              0.275    15.303    
                         clock uncertainty           -0.035    15.267    
    SLICE_X1Y96          FDRE (Setup_fdre_C_D)        0.031    15.298    semseg_reg[0]
  -------------------------------------------------------------------
                         required time                         15.298    
                         arrival time                          -8.924    
  -------------------------------------------------------------------
                         slack                                  6.374    

Slack (MET) :             6.377ns  (required time - arrival time)
  Source:                 counter_reg[7]/C
                            (rising edge-triggered cell FDRE clocked by sys_clk_pin  {rise@0.000ns fall@5.000ns period=10.000ns})
  Destination:            ANreg_reg[4]_lopt_replica/CE
                            (rising edge-triggered cell FDSE clocked by sys_clk_pin  {rise@0.000ns fall@5.000ns period=10.000ns})
  Path Group:             sys_clk_pin
  Path Type:              Setup (Max at Slow Process Corner)
  Requirement:            10.000ns  (sys_clk_pin rise@10.000ns - sys_clk_pin rise@0.000ns)
  Data Path Delay:        3.280ns  (logic 0.900ns (27.441%)  route 2.380ns (72.559%))
  Logic Levels:           2  (LUT4=2)
  Clock Path Skew:        -0.103ns (DCD - SCD + CPR)
    Destination Clock Delay (DCD):    5.028ns = ( 15.028 - 10.000 ) 
    Source Clock Delay      (SCD):    5.310ns
    Clock Pessimism Removal (CPR):    0.180ns
  Clock Uncertainty:      0.035ns  ((TSJ^2 + TIJ^2)^1/2 + DJ) / 2 + PE
    Total System Jitter     (TSJ):    0.071ns
    Total Input Jitter      (TIJ):    0.000ns
    Discrete Jitter          (DJ):    0.000ns
    Phase Error              (PE):    0.000ns

    Location             Delay type                Incr(ns)  Path(ns)    Netlist Resource(s)
  -------------------------------------------------------------------    -------------------
                         (clock sys_clk_pin rise edge)
                                                      0.000     0.000 r  
    E3                                                0.000     0.000 r  CLK100 (IN)
                         net (fo=0)                   0.000     0.000    CLK100
    E3                   IBUF (Prop_ibuf_I_O)         1.482     1.482 r  CLK100_IBUF_inst/O
                         net (fo=1, routed)           2.025     3.506    CLK100_IBUF
    BUFGCTRL_X0Y16       BUFG (Prop_bufg_I_O)         0.096     3.602 r  CLK100_IBUF_BUFG_inst/O
                         net (fo=42, routed)          1.708     5.310    CLK100_IBUF_BUFG
    SLICE_X4Y103         FDRE                                         r  counter_reg[7]/C
  -------------------------------------------------------------------    -------------------
    SLICE_X4Y103         FDRE (Prop_fdre_C_Q)         0.456     5.766 r  counter_reg[7]/Q
                         net (fo=4, routed)           0.888     6.654    counter_reg__0[7]
    SLICE_X4Y103         LUT4 (Prop_lut4_I0_O)        0.118     6.772 f  ANreg[7]_i_2/O
                         net (fo=2, routed)           0.595     7.367    ANreg[7]_i_2_n_0
    SLICE_X3Y103         LUT4 (Prop_lut4_I3_O)        0.326     7.693 r  ANreg[7]_i_1/O
                         net (fo=11, routed)          0.897     8.590    ANreg[0]
    SLICE_X0Y96          FDSE                                         r  ANreg_reg[4]_lopt_replica/CE
  -------------------------------------------------------------------    -------------------

                         (clock sys_clk_pin rise edge)
                                                     10.000    10.000 r  
    E3                                                0.000    10.000 r  CLK100 (IN)
                         net (fo=0)                   0.000    10.000    CLK100
    E3                   IBUF (Prop_ibuf_I_O)         1.411    11.411 r  CLK100_IBUF_inst/O
                         net (fo=1, routed)           1.920    13.331    CLK100_IBUF
    BUFGCTRL_X0Y16       BUFG (Prop_bufg_I_O)         0.091    13.422 r  CLK100_IBUF_BUFG_inst/O
                         net (fo=42, routed)          1.605    15.028    CLK100_IBUF_BUFG
    SLICE_X0Y96          FDSE                                         r  ANreg_reg[4]_lopt_replica/C
                         clock pessimism              0.180    15.208    
                         clock uncertainty           -0.035    15.172    
    SLICE_X0Y96          FDSE (Setup_fdse_C_CE)      -0.205    14.967    ANreg_reg[4]_lopt_replica
  -------------------------------------------------------------------
                         required time                         14.967    
                         arrival time                          -8.590    
  -------------------------------------------------------------------
                         slack                                  6.377    





Min Delay Paths
--------------------------------------------------------------------------------------
Slack (MET) :             0.201ns  (arrival time - required time)
  Source:                 counter_reg[0]/C
                            (rising edge-triggered cell FDRE clocked by sys_clk_pin  {rise@0.000ns fall@5.000ns period=10.000ns})
  Destination:            counter_reg[5]/D
                            (rising edge-triggered cell FDRE clocked by sys_clk_pin  {rise@0.000ns fall@5.000ns period=10.000ns})
  Path Group:             sys_clk_pin
  Path Type:              Hold (Min at Fast Process Corner)
  Requirement:            0.000ns  (sys_clk_pin rise@0.000ns - sys_clk_pin rise@0.000ns)
  Data Path Delay:        0.305ns  (logic 0.209ns (68.447%)  route 0.096ns (31.553%))
  Logic Levels:           1  (LUT6=1)
  Clock Path Skew:        0.013ns (DCD - SCD - CPR)
    Destination Clock Delay (DCD):    2.036ns
    Source Clock Delay      (SCD):    1.517ns
    Clock Pessimism Removal (CPR):    0.505ns

    Location             Delay type                Incr(ns)  Path(ns)    Netlist Resource(s)
  -------------------------------------------------------------------    -------------------
                         (clock sys_clk_pin rise edge)
                                                      0.000     0.000 r  
    E3                                                0.000     0.000 r  CLK100 (IN)
                         net (fo=0)                   0.000     0.000    CLK100
    E3                   IBUF (Prop_ibuf_I_O)         0.250     0.250 r  CLK100_IBUF_inst/O
                         net (fo=1, routed)           0.644     0.894    CLK100_IBUF
    BUFGCTRL_X0Y16       BUFG (Prop_bufg_I_O)         0.026     0.920 r  CLK100_IBUF_BUFG_inst/O
                         net (fo=42, routed)          0.598     1.517    CLK100_IBUF_BUFG
    SLICE_X2Y103         FDRE                                         r  counter_reg[0]/C
  -------------------------------------------------------------------    -------------------
    SLICE_X2Y103         FDRE (Prop_fdre_C_Q)         0.164     1.681 r  counter_reg[0]/Q
                         net (fo=7, routed)           0.096     1.778    counter_reg_n_0_[0]
    SLICE_X3Y103         LUT6 (Prop_lut6_I1_O)        0.045     1.823 r  counter[5]_i_1/O
                         net (fo=1, routed)           0.000     1.823    p_0_in__0[5]
    SLICE_X3Y103         FDRE                                         r  counter_reg[5]/D
  -------------------------------------------------------------------    -------------------

                         (clock sys_clk_pin rise edge)
                                                      0.000     0.000 r  
    E3                                                0.000     0.000 r  CLK100 (IN)
                         net (fo=0)                   0.000     0.000    CLK100
    E3                   IBUF (Prop_ibuf_I_O)         0.438     0.438 r  CLK100_IBUF_inst/O
                         net (fo=1, routed)           0.699     1.136    CLK100_IBUF
    BUFGCTRL_X0Y16       BUFG (Prop_bufg_I_O)         0.029     1.165 r  CLK100_IBUF_BUFG_inst/O
                         net (fo=42, routed)          0.871     2.036    CLK100_IBUF_BUFG
    SLICE_X3Y103         FDRE                                         r  counter_reg[5]/C
                         clock pessimism             -0.505     1.530    
    SLICE_X3Y103         FDRE (Hold_fdre_C_D)         0.091     1.621    counter_reg[5]
  -------------------------------------------------------------------
                         required time                         -1.621    
                         arrival time                           1.823    
  -------------------------------------------------------------------
                         slack                                  0.201    

Slack (MET) :             0.232ns  (arrival time - required time)
  Source:                 ANreg_reg[4]/C
                            (rising edge-triggered cell FDSE clocked by sys_clk_pin  {rise@0.000ns fall@5.000ns period=10.000ns})
  Destination:            ANreg_reg[0]/D
                            (rising edge-triggered cell FDSE clocked by sys_clk_pin  {rise@0.000ns fall@5.000ns period=10.000ns})
  Path Group:             sys_clk_pin
  Path Type:              Hold (Min at Fast Process Corner)
  Requirement:            0.000ns  (sys_clk_pin rise@0.000ns - sys_clk_pin rise@0.000ns)
  Data Path Delay:        0.367ns  (logic 0.209ns (57.020%)  route 0.158ns (42.980%))
  Logic Levels:           1  (LUT6=1)
  Clock Path Skew:        0.015ns (DCD - SCD - CPR)
    Destination Clock Delay (DCD):    2.042ns
    Source Clock Delay      (SCD):    1.524ns
    Clock Pessimism Removal (CPR):    0.502ns

    Location             Delay type                Incr(ns)  Path(ns)    Netlist Resource(s)
  -------------------------------------------------------------------    -------------------
                         (clock sys_clk_pin rise edge)
                                                      0.000     0.000 r  
    E3                                                0.000     0.000 r  CLK100 (IN)
                         net (fo=0)                   0.000     0.000    CLK100
    E3                   IBUF (Prop_ibuf_I_O)         0.250     0.250 r  CLK100_IBUF_inst/O
                         net (fo=1, routed)           0.644     0.894    CLK100_IBUF
    BUFGCTRL_X0Y16       BUFG (Prop_bufg_I_O)         0.026     0.920 r  CLK100_IBUF_BUFG_inst/O
                         net (fo=42, routed)          0.605     1.524    CLK100_IBUF_BUFG
    SLICE_X2Y97          FDSE                                         r  ANreg_reg[4]/C
  -------------------------------------------------------------------    -------------------
    SLICE_X2Y97          FDSE (Prop_fdse_C_Q)         0.164     1.688 f  ANreg_reg[4]/Q
                         net (fo=12, routed)          0.158     1.846    AN_OBUF[4]
    SLICE_X2Y96          LUT6 (Prop_lut6_I5_O)        0.045     1.891 r  ANreg[0]_i_1/O
                         net (fo=1, routed)           0.000     1.891    p_2_out[0]
    SLICE_X2Y96          FDSE                                         r  ANreg_reg[0]/D
  -------------------------------------------------------------------    -------------------

                         (clock sys_clk_pin rise edge)
                                                      0.000     0.000 r  
    E3                                                0.000     0.000 r  CLK100 (IN)
                         net (fo=0)                   0.000     0.000    CLK100
    E3                   IBUF (Prop_ibuf_I_O)         0.438     0.438 r  CLK100_IBUF_inst/O
                         net (fo=1, routed)           0.699     1.136    CLK100_IBUF
    BUFGCTRL_X0Y16       BUFG (Prop_bufg_I_O)         0.029     1.165 r  CLK100_IBUF_BUFG_inst/O
                         net (fo=42, routed)          0.877     2.042    CLK100_IBUF_BUFG
    SLICE_X2Y96          FDSE                                         r  ANreg_reg[0]/C
                         clock pessimism             -0.502     1.539    
    SLICE_X2Y96          FDSE (Hold_fdse_C_D)         0.120     1.659    ANreg_reg[0]
  -------------------------------------------------------------------
                         required time                         -1.659    
                         arrival time                           1.891    
  -------------------------------------------------------------------
                         slack                                  0.232    

Slack (MET) :             0.250ns  (arrival time - required time)
  Source:                 ANreg_reg[6]/C
                            (rising edge-triggered cell FDSE clocked by sys_clk_pin  {rise@0.000ns fall@5.000ns period=10.000ns})
  Destination:            DPr_reg/D
                            (rising edge-triggered cell FDSE clocked by sys_clk_pin  {rise@0.000ns fall@5.000ns period=10.000ns})
  Path Group:             sys_clk_pin
  Path Type:              Hold (Min at Fast Process Corner)
  Requirement:            0.000ns  (sys_clk_pin rise@0.000ns - sys_clk_pin rise@0.000ns)
  Data Path Delay:        0.358ns  (logic 0.186ns (51.972%)  route 0.172ns (48.028%))
  Logic Levels:           1  (LUT6=1)
  Clock Path Skew:        0.017ns (DCD - SCD - CPR)
    Destination Clock Delay (DCD):    2.043ns
    Source Clock Delay      (SCD):    1.523ns
    Clock Pessimism Removal (CPR):    0.502ns

    Location             Delay type                Incr(ns)  Path(ns)    Netlist Resource(s)
  -------------------------------------------------------------------    -------------------
                         (clock sys_clk_pin rise edge)
                                                      0.000     0.000 r  
    E3                                                0.000     0.000 r  CLK100 (IN)
                         net (fo=0)                   0.000     0.000    CLK100
    E3                   IBUF (Prop_ibuf_I_O)         0.250     0.250 r  CLK100_IBUF_inst/O
                         net (fo=1, routed)           0.644     0.894    CLK100_IBUF
    BUFGCTRL_X0Y16       BUFG (Prop_bufg_I_O)         0.026     0.920 r  CLK100_IBUF_BUFG_inst/O
                         net (fo=42, routed)          0.604     1.523    CLK100_IBUF_BUFG
    SLICE_X0Y96          FDSE                                         r  ANreg_reg[6]/C
  -------------------------------------------------------------------    -------------------
    SLICE_X0Y96          FDSE (Prop_fdse_C_Q)         0.141     1.664 r  ANreg_reg[6]/Q
                         net (fo=11, routed)          0.172     1.836    AN_OBUF[6]
    SLICE_X0Y97          LUT6 (Prop_lut6_I1_O)        0.045     1.881 r  DPr_i_2/O
                         net (fo=1, routed)           0.000     1.881    DPr_i_2_n_0
    SLICE_X0Y97          FDSE                                         r  DPr_reg/D
  -------------------------------------------------------------------    -------------------

                         (clock sys_clk_pin rise edge)
                                                      0.000     0.000 r  
    E3                                                0.000     0.000 r  CLK100 (IN)
                         net (fo=0)                   0.000     0.000    CLK100
    E3                   IBUF (Prop_ibuf_I_O)         0.438     0.438 r  CLK100_IBUF_inst/O
                         net (fo=1, routed)           0.699     1.136    CLK100_IBUF
    BUFGCTRL_X0Y16       BUFG (Prop_bufg_I_O)         0.029     1.165 r  CLK100_IBUF_BUFG_inst/O
                         net (fo=42, routed)          0.878     2.043    CLK100_IBUF_BUFG
    SLICE_X0Y97          FDSE                                         r  DPr_reg/C
                         clock pessimism             -0.502     1.540    
    SLICE_X0Y97          FDSE (Hold_fdse_C_D)         0.091     1.631    DPr_reg
  -------------------------------------------------------------------
                         required time                         -1.631    
                         arrival time                           1.881    
  -------------------------------------------------------------------
                         slack                                  0.250    

Slack (MET) :             0.259ns  (arrival time - required time)
  Source:                 ANreg_reg[0]/C
                            (rising edge-triggered cell FDSE clocked by sys_clk_pin  {rise@0.000ns fall@5.000ns period=10.000ns})
  Destination:            ANreg_reg[1]/D
                            (rising edge-triggered cell FDSE clocked by sys_clk_pin  {rise@0.000ns fall@5.000ns period=10.000ns})
  Path Group:             sys_clk_pin
  Path Type:              Hold (Min at Fast Process Corner)
  Requirement:            0.000ns  (sys_clk_pin rise@0.000ns - sys_clk_pin rise@0.000ns)
  Data Path Delay:        0.335ns  (logic 0.164ns (49.011%)  route 0.171ns (50.989%))
  Logic Levels:           0  
  Clock Path Skew:        0.017ns (DCD - SCD - CPR)
    Destination Clock Delay (DCD):    2.043ns
    Source Clock Delay      (SCD):    1.523ns
    Clock Pessimism Removal (CPR):    0.502ns

    Location             Delay type                Incr(ns)  Path(ns)    Netlist Resource(s)
  -------------------------------------------------------------------    -------------------
                         (clock sys_clk_pin rise edge)
                                                      0.000     0.000 r  
    E3                                                0.000     0.000 r  CLK100 (IN)
                         net (fo=0)                   0.000     0.000    CLK100
    E3                   IBUF (Prop_ibuf_I_O)         0.250     0.250 r  CLK100_IBUF_inst/O
                         net (fo=1, routed)           0.644     0.894    CLK100_IBUF
    BUFGCTRL_X0Y16       BUFG (Prop_bufg_I_O)         0.026     0.920 r  CLK100_IBUF_BUFG_inst/O
                         net (fo=42, routed)          0.604     1.523    CLK100_IBUF_BUFG
    SLICE_X2Y96          FDSE                                         r  ANreg_reg[0]/C
  -------------------------------------------------------------------    -------------------
    SLICE_X2Y96          FDSE (Prop_fdse_C_Q)         0.164     1.687 r  ANreg_reg[0]/Q
                         net (fo=16, routed)          0.171     1.858    AN_OBUF[0]
    SLICE_X2Y97          FDSE                                         r  ANreg_reg[1]/D
  -------------------------------------------------------------------    -------------------

                         (clock sys_clk_pin rise edge)
                                                      0.000     0.000 r  
    E3                                                0.000     0.000 r  CLK100 (IN)
                         net (fo=0)                   0.000     0.000    CLK100
    E3                   IBUF (Prop_ibuf_I_O)         0.438     0.438 r  CLK100_IBUF_inst/O
                         net (fo=1, routed)           0.699     1.136    CLK100_IBUF
    BUFGCTRL_X0Y16       BUFG (Prop_bufg_I_O)         0.029     1.165 r  CLK100_IBUF_BUFG_inst/O
                         net (fo=42, routed)          0.878     2.043    CLK100_IBUF_BUFG
    SLICE_X2Y97          FDSE                                         r  ANreg_reg[1]/C
                         clock pessimism             -0.502     1.540    
    SLICE_X2Y97          FDSE (Hold_fdse_C_D)         0.059     1.599    ANreg_reg[1]
  -------------------------------------------------------------------
                         required time                         -1.599    
                         arrival time                           1.858    
  -------------------------------------------------------------------
                         slack                                  0.259    

Slack (MET) :             0.273ns  (arrival time - required time)
  Source:                 counter_reg[0]/C
                            (rising edge-triggered cell FDRE clocked by sys_clk_pin  {rise@0.000ns fall@5.000ns period=10.000ns})
  Destination:            counter_reg[4]/D
                            (rising edge-triggered cell FDRE clocked by sys_clk_pin  {rise@0.000ns fall@5.000ns period=10.000ns})
  Path Group:             sys_clk_pin
  Path Type:              Hold (Min at Fast Process Corner)
  Requirement:            0.000ns  (sys_clk_pin rise@0.000ns - sys_clk_pin rise@0.000ns)
  Data Path Delay:        0.404ns  (logic 0.212ns (52.426%)  route 0.192ns (47.574%))
  Logic Levels:           1  (LUT5=1)
  Clock Path Skew:        0.000ns (DCD - SCD - CPR)
    Destination Clock Delay (DCD):    2.036ns
    Source Clock Delay      (SCD):    1.517ns
    Clock Pessimism Removal (CPR):    0.518ns

    Location             Delay type                Incr(ns)  Path(ns)    Netlist Resource(s)
  -------------------------------------------------------------------    -------------------
                         (clock sys_clk_pin rise edge)
                                                      0.000     0.000 r  
    E3                                                0.000     0.000 r  CLK100 (IN)
                         net (fo=0)                   0.000     0.000    CLK100
    E3                   IBUF (Prop_ibuf_I_O)         0.250     0.250 r  CLK100_IBUF_inst/O
                         net (fo=1, routed)           0.644     0.894    CLK100_IBUF
    BUFGCTRL_X0Y16       BUFG (Prop_bufg_I_O)         0.026     0.920 r  CLK100_IBUF_BUFG_inst/O
                         net (fo=42, routed)          0.598     1.517    CLK100_IBUF_BUFG
    SLICE_X2Y103         FDRE                                         r  counter_reg[0]/C
  -------------------------------------------------------------------    -------------------
    SLICE_X2Y103         FDRE (Prop_fdre_C_Q)         0.164     1.681 r  counter_reg[0]/Q
                         net (fo=7, routed)           0.192     1.874    counter_reg_n_0_[0]
    SLICE_X2Y103         LUT5 (Prop_lut5_I2_O)        0.048     1.922 r  counter[4]_i_1/O
                         net (fo=1, routed)           0.000     1.922    p_0_in__0[4]
    SLICE_X2Y103         FDRE                                         r  counter_reg[4]/D
  -------------------------------------------------------------------    -------------------

                         (clock sys_clk_pin rise edge)
                                                      0.000     0.000 r  
    E3                                                0.000     0.000 r  CLK100 (IN)
                         net (fo=0)                   0.000     0.000    CLK100
    E3                   IBUF (Prop_ibuf_I_O)         0.438     0.438 r  CLK100_IBUF_inst/O
                         net (fo=1, routed)           0.699     1.136    CLK100_IBUF
    BUFGCTRL_X0Y16       BUFG (Prop_bufg_I_O)         0.029     1.165 r  CLK100_IBUF_BUFG_inst/O
                         net (fo=42, routed)          0.871     2.036    CLK100_IBUF_BUFG
    SLICE_X2Y103         FDRE                                         r  counter_reg[4]/C
                         clock pessimism             -0.518     1.517    
    SLICE_X2Y103         FDRE (Hold_fdre_C_D)         0.131     1.648    counter_reg[4]
  -------------------------------------------------------------------
                         required time                         -1.648    
                         arrival time                           1.922    
  -------------------------------------------------------------------
                         slack                                  0.273    

Slack (MET) :             0.280ns  (arrival time - required time)
  Source:                 counter_reg[0]/C
                            (rising edge-triggered cell FDRE clocked by sys_clk_pin  {rise@0.000ns fall@5.000ns period=10.000ns})
  Destination:            counter_reg[3]/D
                            (rising edge-triggered cell FDRE clocked by sys_clk_pin  {rise@0.000ns fall@5.000ns period=10.000ns})
  Path Group:             sys_clk_pin
  Path Type:              Hold (Min at Fast Process Corner)
  Requirement:            0.000ns  (sys_clk_pin rise@0.000ns - sys_clk_pin rise@0.000ns)
  Data Path Delay:        0.401ns  (logic 0.209ns (52.070%)  route 0.192ns (47.930%))
  Logic Levels:           1  (LUT4=1)
  Clock Path Skew:        0.000ns (DCD - SCD - CPR)
    Destination Clock Delay (DCD):    2.036ns
    Source Clock Delay      (SCD):    1.517ns
    Clock Pessimism Removal (CPR):    0.518ns

    Location             Delay type                Incr(ns)  Path(ns)    Netlist Resource(s)
  -------------------------------------------------------------------    -------------------
                         (clock sys_clk_pin rise edge)
                                                      0.000     0.000 r  
    E3                                                0.000     0.000 r  CLK100 (IN)
                         net (fo=0)                   0.000     0.000    CLK100
    E3                   IBUF (Prop_ibuf_I_O)         0.250     0.250 r  CLK100_IBUF_inst/O
                         net (fo=1, routed)           0.644     0.894    CLK100_IBUF
    BUFGCTRL_X0Y16       BUFG (Prop_bufg_I_O)         0.026     0.920 r  CLK100_IBUF_BUFG_inst/O
                         net (fo=42, routed)          0.598     1.517    CLK100_IBUF_BUFG
    SLICE_X2Y103         FDRE                                         r  counter_reg[0]/C
  -------------------------------------------------------------------    -------------------
    SLICE_X2Y103         FDRE (Prop_fdre_C_Q)         0.164     1.681 r  counter_reg[0]/Q
                         net (fo=7, routed)           0.192     1.874    counter_reg_n_0_[0]
    SLICE_X2Y103         LUT4 (Prop_lut4_I1_O)        0.045     1.919 r  counter[3]_i_1/O
                         net (fo=1, routed)           0.000     1.919    p_0_in__0[3]
    SLICE_X2Y103         FDRE                                         r  counter_reg[3]/D
  -------------------------------------------------------------------    -------------------

                         (clock sys_clk_pin rise edge)
                                                      0.000     0.000 r  
    E3                                                0.000     0.000 r  CLK100 (IN)
                         net (fo=0)                   0.000     0.000    CLK100
    E3                   IBUF (Prop_ibuf_I_O)         0.438     0.438 r  CLK100_IBUF_inst/O
                         net (fo=1, routed)           0.699     1.136    CLK100_IBUF
    BUFGCTRL_X0Y16       BUFG (Prop_bufg_I_O)         0.029     1.165 r  CLK100_IBUF_BUFG_inst/O
                         net (fo=42, routed)          0.871     2.036    CLK100_IBUF_BUFG
    SLICE_X2Y103         FDRE                                         r  counter_reg[3]/C
                         clock pessimism             -0.518     1.517    
    SLICE_X2Y103         FDRE (Hold_fdre_C_D)         0.121     1.638    counter_reg[3]
  -------------------------------------------------------------------
                         required time                         -1.638    
                         arrival time                           1.919    
  -------------------------------------------------------------------
                         slack                                  0.280    

Slack (MET) :             0.286ns  (arrival time - required time)
  Source:                 semseg_reg[1]/C
                            (rising edge-triggered cell FDRE clocked by sys_clk_pin  {rise@0.000ns fall@5.000ns period=10.000ns})
  Destination:            CDr_reg/D
                            (rising edge-triggered cell FDSE clocked by sys_clk_pin  {rise@0.000ns fall@5.000ns period=10.000ns})
  Path Group:             sys_clk_pin
  Path Type:              Hold (Min at Fast Process Corner)
  Requirement:            0.000ns  (sys_clk_pin rise@0.000ns - sys_clk_pin rise@0.000ns)
  Data Path Delay:        0.409ns  (logic 0.187ns (45.722%)  route 0.222ns (54.278%))
  Logic Levels:           1  (LUT4=1)
  Clock Path Skew:        0.016ns (DCD - SCD - CPR)
    Destination Clock Delay (DCD):    2.042ns
    Source Clock Delay      (SCD):    1.523ns
    Clock Pessimism Removal (CPR):    0.502ns

    Location             Delay type                Incr(ns)  Path(ns)    Netlist Resource(s)
  -------------------------------------------------------------------    -------------------
                         (clock sys_clk_pin rise edge)
                                                      0.000     0.000 r  
    E3                                                0.000     0.000 r  CLK100 (IN)
                         net (fo=0)                   0.000     0.000    CLK100
    E3                   IBUF (Prop_ibuf_I_O)         0.250     0.250 r  CLK100_IBUF_inst/O
                         net (fo=1, routed)           0.644     0.894    CLK100_IBUF
    BUFGCTRL_X0Y16       BUFG (Prop_bufg_I_O)         0.026     0.920 r  CLK100_IBUF_BUFG_inst/O
                         net (fo=42, routed)          0.604     1.523    CLK100_IBUF_BUFG
    SLICE_X1Y96          FDRE                                         r  semseg_reg[1]/C
  -------------------------------------------------------------------    -------------------
    SLICE_X1Y96          FDRE (Prop_fdre_C_Q)         0.141     1.664 r  semseg_reg[1]/Q
                         net (fo=7, routed)           0.222     1.886    semseg_reg_n_0_[1]
    SLICE_X0Y95          LUT4 (Prop_lut4_I0_O)        0.046     1.932 r  CDr_i_1/O
                         net (fo=1, routed)           0.000     1.932    CDr_i_1_n_0
    SLICE_X0Y95          FDSE                                         r  CDr_reg/D
  -------------------------------------------------------------------    -------------------

                         (clock sys_clk_pin rise edge)
                                                      0.000     0.000 r  
    E3                                                0.000     0.000 r  CLK100 (IN)
                         net (fo=0)                   0.000     0.000    CLK100
    E3                   IBUF (Prop_ibuf_I_O)         0.438     0.438 r  CLK100_IBUF_inst/O
                         net (fo=1, routed)           0.699     1.136    CLK100_IBUF
    BUFGCTRL_X0Y16       BUFG (Prop_bufg_I_O)         0.029     1.165 r  CLK100_IBUF_BUFG_inst/O
                         net (fo=42, routed)          0.877     2.042    CLK100_IBUF_BUFG
    SLICE_X0Y95          FDSE                                         r  CDr_reg/C
                         clock pessimism             -0.502     1.539    
    SLICE_X0Y95          FDSE (Hold_fdse_C_D)         0.107     1.646    CDr_reg
  -------------------------------------------------------------------
                         required time                         -1.646    
                         arrival time                           1.932    
  -------------------------------------------------------------------
                         slack                                  0.286    

Slack (MET) :             0.292ns  (arrival time - required time)
  Source:                 semseg_reg[1]/C
                            (rising edge-triggered cell FDRE clocked by sys_clk_pin  {rise@0.000ns fall@5.000ns period=10.000ns})
  Destination:            CGr_reg/D
                            (rising edge-triggered cell FDSE clocked by sys_clk_pin  {rise@0.000ns fall@5.000ns period=10.000ns})
  Path Group:             sys_clk_pin
  Path Type:              Hold (Min at Fast Process Corner)
  Requirement:            0.000ns  (sys_clk_pin rise@0.000ns - sys_clk_pin rise@0.000ns)
  Data Path Delay:        0.400ns  (logic 0.186ns (46.504%)  route 0.214ns (53.496%))
  Logic Levels:           1  (LUT4=1)
  Clock Path Skew:        0.016ns (DCD - SCD - CPR)
    Destination Clock Delay (DCD):    2.042ns
    Source Clock Delay      (SCD):    1.523ns
    Clock Pessimism Removal (CPR):    0.502ns

    Location             Delay type                Incr(ns)  Path(ns)    Netlist Resource(s)
  -------------------------------------------------------------------    -------------------
                         (clock sys_clk_pin rise edge)
                                                      0.000     0.000 r  
    E3                                                0.000     0.000 r  CLK100 (IN)
                         net (fo=0)                   0.000     0.000    CLK100
    E3                   IBUF (Prop_ibuf_I_O)         0.250     0.250 r  CLK100_IBUF_inst/O
                         net (fo=1, routed)           0.644     0.894    CLK100_IBUF
    BUFGCTRL_X0Y16       BUFG (Prop_bufg_I_O)         0.026     0.920 r  CLK100_IBUF_BUFG_inst/O
                         net (fo=42, routed)          0.604     1.523    CLK100_IBUF_BUFG
    SLICE_X1Y96          FDRE                                         r  semseg_reg[1]/C
  -------------------------------------------------------------------    -------------------
    SLICE_X1Y96          FDRE (Prop_fdre_C_Q)         0.141     1.664 r  semseg_reg[1]/Q
                         net (fo=7, routed)           0.214     1.878    semseg_reg_n_0_[1]
    SLICE_X1Y94          LUT4 (Prop_lut4_I2_O)        0.045     1.923 r  CGr_i_1/O
                         net (fo=1, routed)           0.000     1.923    CGr_i_1_n_0
    SLICE_X1Y94          FDSE                                         r  CGr_reg/D
  -------------------------------------------------------------------    -------------------

                         (clock sys_clk_pin rise edge)
                                                      0.000     0.000 r  
    E3                                                0.000     0.000 r  CLK100 (IN)
                         net (fo=0)                   0.000     0.000    CLK100
    E3                   IBUF (Prop_ibuf_I_O)         0.438     0.438 r  CLK100_IBUF_inst/O
                         net (fo=1, routed)           0.699     1.136    CLK100_IBUF
    BUFGCTRL_X0Y16       BUFG (Prop_bufg_I_O)         0.029     1.165 r  CLK100_IBUF_BUFG_inst/O
                         net (fo=42, routed)          0.877     2.042    CLK100_IBUF_BUFG
    SLICE_X1Y94          FDSE                                         r  CGr_reg/C
                         clock pessimism             -0.502     1.539    
    SLICE_X1Y94          FDSE (Hold_fdse_C_D)         0.092     1.631    CGr_reg
  -------------------------------------------------------------------
                         required time                         -1.631    
                         arrival time                           1.923    
  -------------------------------------------------------------------
                         slack                                  0.292    

Slack (MET) :             0.294ns  (arrival time - required time)
  Source:                 semseg_reg[2]/C
                            (rising edge-triggered cell FDRE clocked by sys_clk_pin  {rise@0.000ns fall@5.000ns period=10.000ns})
  Destination:            CBr_reg/D
                            (rising edge-triggered cell FDSE clocked by sys_clk_pin  {rise@0.000ns fall@5.000ns period=10.000ns})
  Path Group:             sys_clk_pin
  Path Type:              Hold (Min at Fast Process Corner)
  Requirement:            0.000ns  (sys_clk_pin rise@0.000ns - sys_clk_pin rise@0.000ns)
  Data Path Delay:        0.417ns  (logic 0.189ns (45.334%)  route 0.228ns (54.666%))
  Logic Levels:           1  (LUT4=1)
  Clock Path Skew:        0.016ns (DCD - SCD - CPR)
    Destination Clock Delay (DCD):    2.042ns
    Source Clock Delay      (SCD):    1.523ns
    Clock Pessimism Removal (CPR):    0.502ns

    Location             Delay type                Incr(ns)  Path(ns)    Netlist Resource(s)
  -------------------------------------------------------------------    -------------------
                         (clock sys_clk_pin rise edge)
                                                      0.000     0.000 r  
    E3                                                0.000     0.000 r  CLK100 (IN)
                         net (fo=0)                   0.000     0.000    CLK100
    E3                   IBUF (Prop_ibuf_I_O)         0.250     0.250 r  CLK100_IBUF_inst/O
                         net (fo=1, routed)           0.644     0.894    CLK100_IBUF
    BUFGCTRL_X0Y16       BUFG (Prop_bufg_I_O)         0.026     0.920 r  CLK100_IBUF_BUFG_inst/O
                         net (fo=42, routed)          0.604     1.523    CLK100_IBUF_BUFG
    SLICE_X1Y95          FDRE                                         r  semseg_reg[2]/C
  -------------------------------------------------------------------    -------------------
    SLICE_X1Y95          FDRE (Prop_fdre_C_Q)         0.141     1.664 r  semseg_reg[2]/Q
                         net (fo=7, routed)           0.228     1.892    semseg_reg_n_0_[2]
    SLICE_X1Y94          LUT4 (Prop_lut4_I1_O)        0.048     1.940 r  CBr_i_1/O
                         net (fo=1, routed)           0.000     1.940    CBr_i_1_n_0
    SLICE_X1Y94          FDSE                                         r  CBr_reg/D
  -------------------------------------------------------------------    -------------------

                         (clock sys_clk_pin rise edge)
                                                      0.000     0.000 r  
    E3                                                0.000     0.000 r  CLK100 (IN)
                         net (fo=0)                   0.000     0.000    CLK100
    E3                   IBUF (Prop_ibuf_I_O)         0.438     0.438 r  CLK100_IBUF_inst/O
                         net (fo=1, routed)           0.699     1.136    CLK100_IBUF
    BUFGCTRL_X0Y16       BUFG (Prop_bufg_I_O)         0.029     1.165 r  CLK100_IBUF_BUFG_inst/O
                         net (fo=42, routed)          0.877     2.042    CLK100_IBUF_BUFG
    SLICE_X1Y94          FDSE                                         r  CBr_reg/C
                         clock pessimism             -0.502     1.539    
    SLICE_X1Y94          FDSE (Hold_fdse_C_D)         0.107     1.646    CBr_reg
  -------------------------------------------------------------------
                         required time                         -1.646    
                         arrival time                           1.940    
  -------------------------------------------------------------------
                         slack                                  0.294    

Slack (MET) :             0.296ns  (arrival time - required time)
  Source:                 semseg_reg[2]/C
                            (rising edge-triggered cell FDRE clocked by sys_clk_pin  {rise@0.000ns fall@5.000ns period=10.000ns})
  Destination:            CFr_reg/D
                            (rising edge-triggered cell FDSE clocked by sys_clk_pin  {rise@0.000ns fall@5.000ns period=10.000ns})
  Path Group:             sys_clk_pin
  Path Type:              Hold (Min at Fast Process Corner)
  Requirement:            0.000ns  (sys_clk_pin rise@0.000ns - sys_clk_pin rise@0.000ns)
  Data Path Delay:        0.419ns  (logic 0.190ns (45.357%)  route 0.229ns (54.643%))
  Logic Levels:           1  (LUT4=1)
  Clock Path Skew:        0.016ns (DCD - SCD - CPR)
    Destination Clock Delay (DCD):    2.042ns
    Source Clock Delay      (SCD):    1.523ns
    Clock Pessimism Removal (CPR):    0.502ns

    Location             Delay type                Incr(ns)  Path(ns)    Netlist Resource(s)
  -------------------------------------------------------------------    -------------------
                         (clock sys_clk_pin rise edge)
                                                      0.000     0.000 r  
    E3                                                0.000     0.000 r  CLK100 (IN)
                         net (fo=0)                   0.000     0.000    CLK100
    E3                   IBUF (Prop_ibuf_I_O)         0.250     0.250 r  CLK100_IBUF_inst/O
                         net (fo=1, routed)           0.644     0.894    CLK100_IBUF
    BUFGCTRL_X0Y16       BUFG (Prop_bufg_I_O)         0.026     0.920 r  CLK100_IBUF_BUFG_inst/O
                         net (fo=42, routed)          0.604     1.523    CLK100_IBUF_BUFG
    SLICE_X1Y95          FDRE                                         r  semseg_reg[2]/C
  -------------------------------------------------------------------    -------------------
    SLICE_X1Y95          FDRE (Prop_fdre_C_Q)         0.141     1.664 r  semseg_reg[2]/Q
                         net (fo=7, routed)           0.229     1.893    semseg_reg_n_0_[2]
    SLICE_X1Y94          LUT4 (Prop_lut4_I2_O)        0.049     1.942 r  CFr_i_1/O
                         net (fo=1, routed)           0.000     1.942    CFr_i_1_n_0
    SLICE_X1Y94          FDSE                                         r  CFr_reg/D
  -------------------------------------------------------------------    -------------------

                         (clock sys_clk_pin rise edge)
                                                      0.000     0.000 r  
    E3                                                0.000     0.000 r  CLK100 (IN)
                         net (fo=0)                   0.000     0.000    CLK100
    E3                   IBUF (Prop_ibuf_I_O)         0.438     0.438 r  CLK100_IBUF_inst/O
                         net (fo=1, routed)           0.699     1.136    CLK100_IBUF
    BUFGCTRL_X0Y16       BUFG (Prop_bufg_I_O)         0.029     1.165 r  CLK100_IBUF_BUFG_inst/O
                         net (fo=42, routed)          0.877     2.042    CLK100_IBUF_BUFG
    SLICE_X1Y94          FDSE                                         r  CFr_reg/C
                         clock pessimism             -0.502     1.539    
    SLICE_X1Y94          FDSE (Hold_fdse_C_D)         0.107     1.646    CFr_reg
  -------------------------------------------------------------------
                         required time                         -1.646    
                         arrival time                           1.942    
  -------------------------------------------------------------------
                         slack                                  0.296    





Pulse Width Checks
--------------------------------------------------------------------------------------
Clock Name:         sys_clk_pin
Waveform(ns):       { 0.000 5.000 }
Period(ns):         10.000
Sources:            { CLK100 }

Check Type        Corner  Lib Pin  Reference Pin  Required(ns)  Actual(ns)  Slack(ns)  Location        Pin
Min Period        n/a     BUFG/I   n/a            2.155         10.000      7.845      BUFGCTRL_X0Y16  CLK100_IBUF_BUFG_inst/I
Min Period        n/a     FDSE/C   n/a            1.000         10.000      9.000      SLICE_X2Y96     ANreg_reg[0]/C
Min Period        n/a     FDSE/C   n/a            1.000         10.000      9.000      SLICE_X2Y97     ANreg_reg[1]/C
Min Period        n/a     FDSE/C   n/a            1.000         10.000      9.000      SLICE_X2Y97     ANreg_reg[2]/C
Min Period        n/a     FDSE/C   n/a            1.000         10.000      9.000      SLICE_X2Y97     ANreg_reg[4]/C
Min Period        n/a     FDSE/C   n/a            1.000         10.000      9.000      SLICE_X0Y96     ANreg_reg[4]_lopt_replica/C
Min Period        n/a     FDSE/C   n/a            1.000         10.000      9.000      SLICE_X2Y97     ANreg_reg[5]/C
Min Period        n/a     FDSE/C   n/a            1.000         10.000      9.000      SLICE_X0Y96     ANreg_reg[5]_lopt_replica/C
Min Period        n/a     FDSE/C   n/a            1.000         10.000      9.000      SLICE_X0Y96     ANreg_reg[6]/C
Min Period        n/a     FDSE/C   n/a            1.000         10.000      9.000      SLICE_X2Y98     ANreg_reg[6]_lopt_replica/C
Low Pulse Width   Slow    FDSE/C   n/a            0.500         5.000       4.500      SLICE_X2Y96     ANreg_reg[0]/C
Low Pulse Width   Slow    FDSE/C   n/a            0.500         5.000       4.500      SLICE_X0Y96     ANreg_reg[4]_lopt_replica/C
Low Pulse Width   Slow    FDSE/C   n/a            0.500         5.000       4.500      SLICE_X0Y96     ANreg_reg[5]_lopt_replica/C
Low Pulse Width   Slow    FDSE/C   n/a            0.500         5.000       4.500      SLICE_X0Y96     ANreg_reg[6]/C
Low Pulse Width   Slow    FDSE/C   n/a            0.500         5.000       4.500      SLICE_X0Y96     ANreg_reg[7]/C
Low Pulse Width   Slow    FDSE/C   n/a            0.500         5.000       4.500      SLICE_X0Y96     ANreg_reg[7]_lopt_replica/C
Low Pulse Width   Slow    FDSE/C   n/a            0.500         5.000       4.500      SLICE_X1Y94     CAr_reg/C
Low Pulse Width   Slow    FDSE/C   n/a            0.500         5.000       4.500      SLICE_X1Y94     CBr_reg/C
Low Pulse Width   Slow    FDSE/C   n/a            0.500         5.000       4.500      SLICE_X0Y95     CCr_reg/C
Low Pulse Width   Slow    FDSE/C   n/a            0.500         5.000       4.500      SLICE_X0Y95     CDr_reg/C
High Pulse Width  Slow    FDSE/C   n/a            0.500         5.000       4.500      SLICE_X2Y96     ANreg_reg[0]/C
High Pulse Width  Fast    FDSE/C   n/a            0.500         5.000       4.500      SLICE_X2Y97     ANreg_reg[1]/C
High Pulse Width  Fast    FDSE/C   n/a            0.500         5.000       4.500      SLICE_X2Y97     ANreg_reg[2]/C
High Pulse Width  Fast    FDSE/C   n/a            0.500         5.000       4.500      SLICE_X2Y97     ANreg_reg[4]/C
High Pulse Width  Slow    FDSE/C   n/a            0.500         5.000       4.500      SLICE_X0Y96     ANreg_reg[4]_lopt_replica/C
High Pulse Width  Fast    FDSE/C   n/a            0.500         5.000       4.500      SLICE_X2Y97     ANreg_reg[5]/C
High Pulse Width  Slow    FDSE/C   n/a            0.500         5.000       4.500      SLICE_X0Y96     ANreg_reg[5]_lopt_replica/C
High Pulse Width  Slow    FDSE/C   n/a            0.500         5.000       4.500      SLICE_X0Y96     ANreg_reg[6]/C
High Pulse Width  Fast    FDSE/C   n/a            0.500         5.000       4.500      SLICE_X2Y98     ANreg_reg[6]_lopt_replica/C
High Pulse Width  Slow    FDSE/C   n/a            0.500         5.000       4.500      SLICE_X0Y96     ANreg_reg[7]/C



