INFO: [VRFC 10-2263] Analyzing SystemVerilog file "E:/lab4/datapath_4/pkg/alu_opcodes_pkg.sv" into library xil_defaultlib
INFO: [VRFC 10-2263] Analyzing SystemVerilog file "E:/lab4/datapath_4/alu.sv" into library xil_defaultlib
INFO: [VRFC 10-311] analyzing module alu
INFO: [VRFC 10-2263] Analyzing SystemVerilog file "E:/lab4/datapath_4/pkg/csr_pkg.sv" into library xil_defaultlib
INFO: [VRFC 10-2263] Analyzing SystemVerilog file "E:/lab4/datapath_4/pkg/memory_pkg.sv" into library xil_defaultlib
INFO: [VRFC 10-2263] Analyzing SystemVerilog file "E:/lab4/datapath_4/data_mem.sv" into library xil_defaultlib
INFO: [VRFC 10-311] analyzing module data_mem
INFO: [VRFC 10-2263] Analyzing SystemVerilog file "E:/lab4/datapath_4/pkg/decoder_pkg.sv" into library xil_defaultlib
INFO: [VRFC 10-2263] Analyzing SystemVerilog file "E:/lab4/datapath_4/decoder.sv" into library xil_defaultlib
INFO: [VRFC 10-311] analyzing module decoder
INFO: [VRFC 10-2263] Analyzing SystemVerilog file "E:/lab4/datapath_4/fadd/fulladder.sv" into library xil_defaultlib
INFO: [VRFC 10-311] analyzing module fulladder
INFO: [VRFC 10-2263] Analyzing SystemVerilog file "E:/lab4/datapath_4/fadd/fulladder32.sv" into library xil_defaultlib
INFO: [VRFC 10-311] analyzing module fulladder32
INFO: [VRFC 10-2263] Analyzing SystemVerilog file "E:/lab4/datapath_4/fadd/fulladder4.sv" into library xil_defaultlib
INFO: [VRFC 10-311] analyzing module fulladder4
INFO: [VRFC 10-2263] Analyzing SystemVerilog file "E:/lab4/datapath_4/instr_mem.sv" into library xil_defaultlib
INFO: [VRFC 10-311] analyzing module instr_mem
INFO: [VRFC 10-2263] Analyzing SystemVerilog file "E:/lab4/datapath_4/processor/processor_core.sv" into library xil_defaultlib
INFO: [VRFC 10-311] analyzing module processor_core
INFO: [VRFC 10-2263] Analyzing SystemVerilog file "E:/lab4/datapath_4/processor/processor_system.sv" into library xil_defaultlib
INFO: [VRFC 10-311] analyzing module processor_system
INFO: [VRFC 10-2263] Analyzing SystemVerilog file "E:/lab4/datapath_4/register_file.sv" into library xil_defaultlib
INFO: [VRFC 10-311] analyzing module register_file
INFO: [VRFC 10-2263] Analyzing SystemVerilog file "E:/lab4/datapath_4/tb/lab_07_tb_processor_system.sv" into library xil_defaultlib
INFO: [VRFC 10-311] analyzing module lab_07_tb_processor_system
