Vivado Simulator 2018.3
Copyright 1986-1999, 2001-2018 Xilinx, Inc. All Rights Reserved.
Running: E:/vivado/Vivado/2018.3/bin/unwrapped/win64.o/xelab.exe -wto 46980b1a38c04020b29d5419e269f9de --incr --debug typical --relax --mt 2 -L xil_defaultlib -L unisims_ver -L unimacro_ver -L secureip --snapshot lab_07_tb_processor_system_behav xil_defaultlib.lab_07_tb_processor_system xil_defaultlib.glbl -log elaborate.log 
Using 2 slave threads.
Starting static elaboration
Completed static elaboration
WARNING: [XSIM 43-4455] File "E:/lab4/datapath_4/tb/lab_07_tb_processor_system.sv" Line 36 : Unsupported feature in assertion/property/sequence 'past'. It will be ignored.
WARNING: [XSIM 43-4127] File "E:/lab4/datapath_4/tb/lab_07_tb_processor_system.sv" Line 36 : The "System Verilog Assertion" is not supported yet for simulation. The statement will be ignored.
WARNING: [XSIM 43-4127] File "E:/lab4/datapath_4/tb/lab_07_tb_processor_system.sv" Line 41 : The "System Verilog Assertion" is not supported yet for simulation. The statement will be ignored.
Starting simulation data flow analysis
WARNING: [XSIM 43-4100] "E:/lab4/project_vivado/project_vivado.sim/sim_1/behav/xsim/glbl.v" Line 6. Module glbl has a timescale but at least one module in design doesn't have timescale.
Completed simulation data flow analysis
Time Resolution for simulation is 1ps
Compiling package xil_defaultlib.decoder_pkg
Compiling package xil_defaultlib.alu_opcodes_pkg
Compiling package xil_defaultlib.csr_pkg
Compiling package xil_defaultlib.memory_pkg
Compiling module xil_defaultlib.decoder
Compiling module xil_defaultlib.register_file
Compiling module xil_defaultlib.fulladder
Compiling module xil_defaultlib.fulladder4
Compiling module xil_defaultlib.fulladder32_default
Compiling module xil_defaultlib.alu
Compiling module xil_defaultlib.processor_core
Compiling module xil_defaultlib.instr_mem
Compiling module xil_defaultlib.data_mem
Compiling module xil_defaultlib.processor_system
Compiling module xil_defaultlib.lab_07_tb_processor_system
Compiling module xil_defaultlib.glbl
Built simulation snapshot lab_07_tb_processor_system_behav
