Copyright 1986-2018 Xilinx, Inc. All Rights Reserved.
-----------------------------------------------------------------------------------------------------------------------------------------------------------------------------------------------------------------------
| Tool Version : Vivado v.2018.3 (win64) Build 2405991 Thu Dec  6 23:38:27 MST 2018
| Date         : Tue Sep 16 15:04:00 2025
| Host         : DESKTOP-JR8I11I running 64-bit major release  (build 9200)
| Command      : report_timing_summary -max_paths 10 -file nexys_CYBERcobra_timing_summary_routed.rpt -pb nexys_CYBERcobra_timing_summary_routed.pb -rpx nexys_CYBERcobra_timing_summary_routed.rpx -warn_on_violation
| Design       : nexys_CYBERcobra
| Device       : 7a100t-csg324
| Speed File   : -1  PRODUCTION 1.23 2018-06-13
-----------------------------------------------------------------------------------------------------------------------------------------------------------------------------------------------------------------------

Timing Summary Report

------------------------------------------------------------------------------------------------
| Timer Settings
| --------------
------------------------------------------------------------------------------------------------

  Enable Multi Corner Analysis               :  Yes
  Enable Pessimism Removal                   :  Yes
  Pessimism Removal Resolution               :  Nearest Common Node
  Enable Input Delay Default Clock           :  No
  Enable Preset / Clear Arcs                 :  No
  Disable Flight Delays                      :  No
  Ignore I/O Paths                           :  No
  Timing Early Launch at Borrowing Latches   :  false

  Corner  Analyze    Analyze    
  Name    Max Paths  Min Paths  
  ------  ---------  ---------  
  Slow    Yes        Yes        
  Fast    Yes        Yes        



check_timing report

Table of Contents
-----------------
1. checking no_clock
2. checking constant_clock
3. checking pulse_width_clock
4. checking unconstrained_internal_endpoints
5. checking no_input_delay
6. checking no_output_delay
7. checking multiple_clock
8. checking generated_clocks
9. checking loops
10. checking partial_input_delay
11. checking partial_output_delay
12. checking latch_loops

1. checking no_clock
--------------------
 There are 102 register/latch pins with no clock driven by root clock pin: debounce/data_o_reg/Q (HIGH)


2. checking constant_clock
--------------------------
 There are 0 register/latch pins with constant_clock.


3. checking pulse_width_clock
-----------------------------
 There are 0 register/latch pins which need pulse_width check


4. checking unconstrained_internal_endpoints
--------------------------------------------
 There are 460 pins that are not constrained for maximum delay. (HIGH)

 There are 0 pins that are not constrained for maximum delay due to constant clock.


5. checking no_input_delay
--------------------------
 There are 18 input ports with no input delay specified. (HIGH)

 There are 0 input ports with no input delay but user has a false path constraint.


6. checking no_output_delay
---------------------------
 There are 32 ports with no output delay specified. (HIGH)

 There are 0 ports with no output delay but user has a false path constraint

 There are 0 ports with no output delay but with a timing clock defined on it or propagating through it


7. checking multiple_clock
--------------------------
 There are 0 register/latch pins with multiple clocks.


8. checking generated_clocks
----------------------------
 There are 0 generated clocks that are not connected to a clock source.


9. checking loops
-----------------
 There are 0 combinational loops in the design.


10. checking partial_input_delay
--------------------------------
 There are 0 input ports with partial input delay specified.


11. checking partial_output_delay
---------------------------------
 There are 0 ports with partial output delay specified.


12. checking latch_loops
------------------------
 There are 0 combinational latch loops in the design through latch input



------------------------------------------------------------------------------------------------
| Design Timing Summary
| ---------------------
------------------------------------------------------------------------------------------------

    WNS(ns)      TNS(ns)  TNS Failing Endpoints  TNS Total Endpoints      WHS(ns)      THS(ns)  THS Failing Endpoints  THS Total Endpoints     WPWS(ns)     TPWS(ns)  TPWS Failing Endpoints  TPWS Total Endpoints  
    -------      -------  ---------------------  -------------------      -------      -------  ---------------------  -------------------     --------     --------  ----------------------  --------------------  
      6.854        0.000                      0                   59        0.203        0.000                      0                   59        4.500        0.000                       0                    45  


All user specified timing constraints are met.


------------------------------------------------------------------------------------------------
| Clock Summary
| -------------
------------------------------------------------------------------------------------------------

Clock        Waveform(ns)       Period(ns)      Frequency(MHz)
-----        ------------       ----------      --------------
sys_clk_pin  {0.000 5.000}      10.000          100.000         


------------------------------------------------------------------------------------------------
| Intra Clock Table
| -----------------
------------------------------------------------------------------------------------------------

Clock             WNS(ns)      TNS(ns)  TNS Failing Endpoints  TNS Total Endpoints      WHS(ns)      THS(ns)  THS Failing Endpoints  THS Total Endpoints     WPWS(ns)     TPWS(ns)  TPWS Failing Endpoints  TPWS Total Endpoints  
-----             -------      -------  ---------------------  -------------------      -------      -------  ---------------------  -------------------     --------     --------  ----------------------  --------------------  
sys_clk_pin         6.854        0.000                      0                   59        0.203        0.000                      0                   59        4.500        0.000                       0                    45  


------------------------------------------------------------------------------------------------
| Inter Clock Table
| -----------------
------------------------------------------------------------------------------------------------

From Clock    To Clock          WNS(ns)      TNS(ns)  TNS Failing Endpoints  TNS Total Endpoints      WHS(ns)      THS(ns)  THS Failing Endpoints  THS Total Endpoints  
----------    --------          -------      -------  ---------------------  -------------------      -------      -------  ---------------------  -------------------  


------------------------------------------------------------------------------------------------
| Other Path Groups Table
| -----------------------
------------------------------------------------------------------------------------------------

Path Group    From Clock    To Clock          WNS(ns)      TNS(ns)  TNS Failing Endpoints  TNS Total Endpoints      WHS(ns)      THS(ns)  THS Failing Endpoints  THS Total Endpoints  
----------    ----------    --------          -------      -------  ---------------------  -------------------      -------      -------  ---------------------  -------------------  


------------------------------------------------------------------------------------------------
| Timing Details
| --------------
------------------------------------------------------------------------------------------------


---------------------------------------------------------------------------------------------------
From Clock:  sys_clk_pin
  To Clock:  sys_clk_pin

Setup :            0  Failing Endpoints,  Worst Slack        6.854ns,  Total Violation        0.000ns
Hold  :            0  Failing Endpoints,  Worst Slack        0.203ns,  Total Violation        0.000ns
PW    :            0  Failing Endpoints,  Worst Slack        4.500ns,  Total Violation        0.000ns
---------------------------------------------------------------------------------------------------


Max Delay Paths
--------------------------------------------------------------------------------------
Slack (MET) :             6.854ns  (required time - arrival time)
  Source:                 semseg_one2many/counter_ff_reg[7]/C
                            (rising edge-triggered cell FDCE clocked by sys_clk_pin  {rise@0.000ns fall@5.000ns period=10.000ns})
  Destination:            semseg_one2many/an_ff_reg[6]/CE
                            (rising edge-triggered cell FDPE clocked by sys_clk_pin  {rise@0.000ns fall@5.000ns period=10.000ns})
  Path Group:             sys_clk_pin
  Path Type:              Setup (Max at Slow Process Corner)
  Requirement:            10.000ns  (sys_clk_pin rise@10.000ns - sys_clk_pin rise@0.000ns)
  Data Path Delay:        2.887ns  (logic 0.842ns (29.162%)  route 2.045ns (70.838%))
  Logic Levels:           2  (LUT5=1 LUT6=1)
  Clock Path Skew:        -0.018ns (DCD - SCD + CPR)
    Destination Clock Delay (DCD):    5.010ns = ( 15.010 - 10.000 ) 
    Source Clock Delay      (SCD):    5.303ns
    Clock Pessimism Removal (CPR):    0.275ns
  Clock Uncertainty:      0.035ns  ((TSJ^2 + TIJ^2)^1/2 + DJ) / 2 + PE
    Total System Jitter     (TSJ):    0.071ns
    Total Input Jitter      (TIJ):    0.000ns
    Discrete Jitter          (DJ):    0.000ns
    Phase Error              (PE):    0.000ns

    Location             Delay type                Incr(ns)  Path(ns)    Netlist Resource(s)
  -------------------------------------------------------------------    -------------------
                         (clock sys_clk_pin rise edge)
                                                      0.000     0.000 r  
    E3                                                0.000     0.000 r  clk_i (IN)
                         net (fo=0)                   0.000     0.000    clk_i
    E3                   IBUF (Prop_ibuf_I_O)         1.482     1.482 r  clk_i_IBUF_inst/O
                         net (fo=1, routed)           2.025     3.506    clk_i_IBUF
    BUFGCTRL_X0Y16       BUFG (Prop_bufg_I_O)         0.096     3.602 r  clk_i_IBUF_BUFG_inst/O
                         net (fo=44, routed)          1.701     5.303    semseg_one2many/CLK
    SLICE_X0Y116         FDCE                                         r  semseg_one2many/counter_ff_reg[7]/C
  -------------------------------------------------------------------    -------------------
    SLICE_X0Y116         FDCE (Prop_fdce_C_Q)         0.419     5.722 f  semseg_one2many/counter_ff_reg[7]/Q
                         net (fo=4, routed)           0.842     6.564    semseg_one2many/counter_ff_reg[7]
    SLICE_X0Y116         LUT6 (Prop_lut6_I1_O)        0.299     6.863 r  semseg_one2many/an_ff[7]_i_2/O
                         net (fo=1, routed)           0.344     7.206    semseg_one2many/an_ff[7]_i_2_n_0
    SLICE_X1Y116         LUT5 (Prop_lut5_I4_O)        0.124     7.330 r  semseg_one2many/an_ff[7]_i_1/O
                         net (fo=16, routed)          0.860     8.191    semseg_one2many/an_en
    SLICE_X3Y108         FDPE                                         r  semseg_one2many/an_ff_reg[6]/CE
  -------------------------------------------------------------------    -------------------

                         (clock sys_clk_pin rise edge)
                                                     10.000    10.000 r  
    E3                                                0.000    10.000 r  clk_i (IN)
                         net (fo=0)                   0.000    10.000    clk_i
    E3                   IBUF (Prop_ibuf_I_O)         1.411    11.411 r  clk_i_IBUF_inst/O
                         net (fo=1, routed)           1.920    13.331    clk_i_IBUF
    BUFGCTRL_X0Y16       BUFG (Prop_bufg_I_O)         0.091    13.422 r  clk_i_IBUF_BUFG_inst/O
                         net (fo=44, routed)          1.588    15.010    semseg_one2many/CLK
    SLICE_X3Y108         FDPE                                         r  semseg_one2many/an_ff_reg[6]/C
                         clock pessimism              0.275    15.285    
                         clock uncertainty           -0.035    15.250    
    SLICE_X3Y108         FDPE (Setup_fdpe_C_CE)      -0.205    15.045    semseg_one2many/an_ff_reg[6]
  -------------------------------------------------------------------
                         required time                         15.045    
                         arrival time                          -8.191    
  -------------------------------------------------------------------
                         slack                                  6.854    

Slack (MET) :             6.854ns  (required time - arrival time)
  Source:                 semseg_one2many/counter_ff_reg[7]/C
                            (rising edge-triggered cell FDCE clocked by sys_clk_pin  {rise@0.000ns fall@5.000ns period=10.000ns})
  Destination:            semseg_one2many/an_ff_reg[6]_lopt_replica/CE
                            (rising edge-triggered cell FDPE clocked by sys_clk_pin  {rise@0.000ns fall@5.000ns period=10.000ns})
  Path Group:             sys_clk_pin
  Path Type:              Setup (Max at Slow Process Corner)
  Requirement:            10.000ns  (sys_clk_pin rise@10.000ns - sys_clk_pin rise@0.000ns)
  Data Path Delay:        2.887ns  (logic 0.842ns (29.162%)  route 2.045ns (70.838%))
  Logic Levels:           2  (LUT5=1 LUT6=1)
  Clock Path Skew:        -0.018ns (DCD - SCD + CPR)
    Destination Clock Delay (DCD):    5.010ns = ( 15.010 - 10.000 ) 
    Source Clock Delay      (SCD):    5.303ns
    Clock Pessimism Removal (CPR):    0.275ns
  Clock Uncertainty:      0.035ns  ((TSJ^2 + TIJ^2)^1/2 + DJ) / 2 + PE
    Total System Jitter     (TSJ):    0.071ns
    Total Input Jitter      (TIJ):    0.000ns
    Discrete Jitter          (DJ):    0.000ns
    Phase Error              (PE):    0.000ns

    Location             Delay type                Incr(ns)  Path(ns)    Netlist Resource(s)
  -------------------------------------------------------------------    -------------------
                         (clock sys_clk_pin rise edge)
                                                      0.000     0.000 r  
    E3                                                0.000     0.000 r  clk_i (IN)
                         net (fo=0)                   0.000     0.000    clk_i
    E3                   IBUF (Prop_ibuf_I_O)         1.482     1.482 r  clk_i_IBUF_inst/O
                         net (fo=1, routed)           2.025     3.506    clk_i_IBUF
    BUFGCTRL_X0Y16       BUFG (Prop_bufg_I_O)         0.096     3.602 r  clk_i_IBUF_BUFG_inst/O
                         net (fo=44, routed)          1.701     5.303    semseg_one2many/CLK
    SLICE_X0Y116         FDCE                                         r  semseg_one2many/counter_ff_reg[7]/C
  -------------------------------------------------------------------    -------------------
    SLICE_X0Y116         FDCE (Prop_fdce_C_Q)         0.419     5.722 f  semseg_one2many/counter_ff_reg[7]/Q
                         net (fo=4, routed)           0.842     6.564    semseg_one2many/counter_ff_reg[7]
    SLICE_X0Y116         LUT6 (Prop_lut6_I1_O)        0.299     6.863 r  semseg_one2many/an_ff[7]_i_2/O
                         net (fo=1, routed)           0.344     7.206    semseg_one2many/an_ff[7]_i_2_n_0
    SLICE_X1Y116         LUT5 (Prop_lut5_I4_O)        0.124     7.330 r  semseg_one2many/an_ff[7]_i_1/O
                         net (fo=16, routed)          0.860     8.191    semseg_one2many/an_en
    SLICE_X3Y108         FDPE                                         r  semseg_one2many/an_ff_reg[6]_lopt_replica/CE
  -------------------------------------------------------------------    -------------------

                         (clock sys_clk_pin rise edge)
                                                     10.000    10.000 r  
    E3                                                0.000    10.000 r  clk_i (IN)
                         net (fo=0)                   0.000    10.000    clk_i
    E3                   IBUF (Prop_ibuf_I_O)         1.411    11.411 r  clk_i_IBUF_inst/O
                         net (fo=1, routed)           1.920    13.331    clk_i_IBUF
    BUFGCTRL_X0Y16       BUFG (Prop_bufg_I_O)         0.091    13.422 r  clk_i_IBUF_BUFG_inst/O
                         net (fo=44, routed)          1.588    15.010    semseg_one2many/CLK
    SLICE_X3Y108         FDPE                                         r  semseg_one2many/an_ff_reg[6]_lopt_replica/C
                         clock pessimism              0.275    15.285    
                         clock uncertainty           -0.035    15.250    
    SLICE_X3Y108         FDPE (Setup_fdpe_C_CE)      -0.205    15.045    semseg_one2many/an_ff_reg[6]_lopt_replica
  -------------------------------------------------------------------
                         required time                         15.045    
                         arrival time                          -8.191    
  -------------------------------------------------------------------
                         slack                                  6.854    

Slack (MET) :             6.904ns  (required time - arrival time)
  Source:                 semseg_one2many/counter_ff_reg[7]/C
                            (rising edge-triggered cell FDCE clocked by sys_clk_pin  {rise@0.000ns fall@5.000ns period=10.000ns})
  Destination:            semseg_one2many/an_ff_reg[0]/CE
                            (rising edge-triggered cell FDCE clocked by sys_clk_pin  {rise@0.000ns fall@5.000ns period=10.000ns})
  Path Group:             sys_clk_pin
  Path Type:              Setup (Max at Slow Process Corner)
  Requirement:            10.000ns  (sys_clk_pin rise@10.000ns - sys_clk_pin rise@0.000ns)
  Data Path Delay:        2.872ns  (logic 0.842ns (29.315%)  route 2.030ns (70.685%))
  Logic Levels:           2  (LUT5=1 LUT6=1)
  Clock Path Skew:        -0.019ns (DCD - SCD + CPR)
    Destination Clock Delay (DCD):    5.009ns = ( 15.009 - 10.000 ) 
    Source Clock Delay      (SCD):    5.303ns
    Clock Pessimism Removal (CPR):    0.275ns
  Clock Uncertainty:      0.035ns  ((TSJ^2 + TIJ^2)^1/2 + DJ) / 2 + PE
    Total System Jitter     (TSJ):    0.071ns
    Total Input Jitter      (TIJ):    0.000ns
    Discrete Jitter          (DJ):    0.000ns
    Phase Error              (PE):    0.000ns

    Location             Delay type                Incr(ns)  Path(ns)    Netlist Resource(s)
  -------------------------------------------------------------------    -------------------
                         (clock sys_clk_pin rise edge)
                                                      0.000     0.000 r  
    E3                                                0.000     0.000 r  clk_i (IN)
                         net (fo=0)                   0.000     0.000    clk_i
    E3                   IBUF (Prop_ibuf_I_O)         1.482     1.482 r  clk_i_IBUF_inst/O
                         net (fo=1, routed)           2.025     3.506    clk_i_IBUF
    BUFGCTRL_X0Y16       BUFG (Prop_bufg_I_O)         0.096     3.602 r  clk_i_IBUF_BUFG_inst/O
                         net (fo=44, routed)          1.701     5.303    semseg_one2many/CLK
    SLICE_X0Y116         FDCE                                         r  semseg_one2many/counter_ff_reg[7]/C
  -------------------------------------------------------------------    -------------------
    SLICE_X0Y116         FDCE (Prop_fdce_C_Q)         0.419     5.722 f  semseg_one2many/counter_ff_reg[7]/Q
                         net (fo=4, routed)           0.842     6.564    semseg_one2many/counter_ff_reg[7]
    SLICE_X0Y116         LUT6 (Prop_lut6_I1_O)        0.299     6.863 r  semseg_one2many/an_ff[7]_i_2/O
                         net (fo=1, routed)           0.344     7.206    semseg_one2many/an_ff[7]_i_2_n_0
    SLICE_X1Y116         LUT5 (Prop_lut5_I4_O)        0.124     7.330 r  semseg_one2many/an_ff[7]_i_1/O
                         net (fo=16, routed)          0.845     8.176    semseg_one2many/an_en
    SLICE_X2Y110         FDCE                                         r  semseg_one2many/an_ff_reg[0]/CE
  -------------------------------------------------------------------    -------------------

                         (clock sys_clk_pin rise edge)
                                                     10.000    10.000 r  
    E3                                                0.000    10.000 r  clk_i (IN)
                         net (fo=0)                   0.000    10.000    clk_i
    E3                   IBUF (Prop_ibuf_I_O)         1.411    11.411 r  clk_i_IBUF_inst/O
                         net (fo=1, routed)           1.920    13.331    clk_i_IBUF
    BUFGCTRL_X0Y16       BUFG (Prop_bufg_I_O)         0.091    13.422 r  clk_i_IBUF_BUFG_inst/O
                         net (fo=44, routed)          1.587    15.009    semseg_one2many/CLK
    SLICE_X2Y110         FDCE                                         r  semseg_one2many/an_ff_reg[0]/C
                         clock pessimism              0.275    15.284    
                         clock uncertainty           -0.035    15.249    
    SLICE_X2Y110         FDCE (Setup_fdce_C_CE)      -0.169    15.080    semseg_one2many/an_ff_reg[0]
  -------------------------------------------------------------------
                         required time                         15.080    
                         arrival time                          -8.176    
  -------------------------------------------------------------------
                         slack                                  6.904    

Slack (MET) :             6.904ns  (required time - arrival time)
  Source:                 semseg_one2many/counter_ff_reg[7]/C
                            (rising edge-triggered cell FDCE clocked by sys_clk_pin  {rise@0.000ns fall@5.000ns period=10.000ns})
  Destination:            semseg_one2many/an_ff_reg[1]/CE
                            (rising edge-triggered cell FDPE clocked by sys_clk_pin  {rise@0.000ns fall@5.000ns period=10.000ns})
  Path Group:             sys_clk_pin
  Path Type:              Setup (Max at Slow Process Corner)
  Requirement:            10.000ns  (sys_clk_pin rise@10.000ns - sys_clk_pin rise@0.000ns)
  Data Path Delay:        2.872ns  (logic 0.842ns (29.315%)  route 2.030ns (70.685%))
  Logic Levels:           2  (LUT5=1 LUT6=1)
  Clock Path Skew:        -0.019ns (DCD - SCD + CPR)
    Destination Clock Delay (DCD):    5.009ns = ( 15.009 - 10.000 ) 
    Source Clock Delay      (SCD):    5.303ns
    Clock Pessimism Removal (CPR):    0.275ns
  Clock Uncertainty:      0.035ns  ((TSJ^2 + TIJ^2)^1/2 + DJ) / 2 + PE
    Total System Jitter     (TSJ):    0.071ns
    Total Input Jitter      (TIJ):    0.000ns
    Discrete Jitter          (DJ):    0.000ns
    Phase Error              (PE):    0.000ns

    Location             Delay type                Incr(ns)  Path(ns)    Netlist Resource(s)
  -------------------------------------------------------------------    -------------------
                         (clock sys_clk_pin rise edge)
                                                      0.000     0.000 r  
    E3                                                0.000     0.000 r  clk_i (IN)
                         net (fo=0)                   0.000     0.000    clk_i
    E3                   IBUF (Prop_ibuf_I_O)         1.482     1.482 r  clk_i_IBUF_inst/O
                         net (fo=1, routed)           2.025     3.506    clk_i_IBUF
    BUFGCTRL_X0Y16       BUFG (Prop_bufg_I_O)         0.096     3.602 r  clk_i_IBUF_BUFG_inst/O
                         net (fo=44, routed)          1.701     5.303    semseg_one2many/CLK
    SLICE_X0Y116         FDCE                                         r  semseg_one2many/counter_ff_reg[7]/C
  -------------------------------------------------------------------    -------------------
    SLICE_X0Y116         FDCE (Prop_fdce_C_Q)         0.419     5.722 f  semseg_one2many/counter_ff_reg[7]/Q
                         net (fo=4, routed)           0.842     6.564    semseg_one2many/counter_ff_reg[7]
    SLICE_X0Y116         LUT6 (Prop_lut6_I1_O)        0.299     6.863 r  semseg_one2many/an_ff[7]_i_2/O
                         net (fo=1, routed)           0.344     7.206    semseg_one2many/an_ff[7]_i_2_n_0
    SLICE_X1Y116         LUT5 (Prop_lut5_I4_O)        0.124     7.330 r  semseg_one2many/an_ff[7]_i_1/O
                         net (fo=16, routed)          0.845     8.176    semseg_one2many/an_en
    SLICE_X2Y110         FDPE                                         r  semseg_one2many/an_ff_reg[1]/CE
  -------------------------------------------------------------------    -------------------

                         (clock sys_clk_pin rise edge)
                                                     10.000    10.000 r  
    E3                                                0.000    10.000 r  clk_i (IN)
                         net (fo=0)                   0.000    10.000    clk_i
    E3                   IBUF (Prop_ibuf_I_O)         1.411    11.411 r  clk_i_IBUF_inst/O
                         net (fo=1, routed)           1.920    13.331    clk_i_IBUF
    BUFGCTRL_X0Y16       BUFG (Prop_bufg_I_O)         0.091    13.422 r  clk_i_IBUF_BUFG_inst/O
                         net (fo=44, routed)          1.587    15.009    semseg_one2many/CLK
    SLICE_X2Y110         FDPE                                         r  semseg_one2many/an_ff_reg[1]/C
                         clock pessimism              0.275    15.284    
                         clock uncertainty           -0.035    15.249    
    SLICE_X2Y110         FDPE (Setup_fdpe_C_CE)      -0.169    15.080    semseg_one2many/an_ff_reg[1]
  -------------------------------------------------------------------
                         required time                         15.080    
                         arrival time                          -8.176    
  -------------------------------------------------------------------
                         slack                                  6.904    

Slack (MET) :             6.904ns  (required time - arrival time)
  Source:                 semseg_one2many/counter_ff_reg[7]/C
                            (rising edge-triggered cell FDCE clocked by sys_clk_pin  {rise@0.000ns fall@5.000ns period=10.000ns})
  Destination:            semseg_one2many/an_ff_reg[2]/CE
                            (rising edge-triggered cell FDPE clocked by sys_clk_pin  {rise@0.000ns fall@5.000ns period=10.000ns})
  Path Group:             sys_clk_pin
  Path Type:              Setup (Max at Slow Process Corner)
  Requirement:            10.000ns  (sys_clk_pin rise@10.000ns - sys_clk_pin rise@0.000ns)
  Data Path Delay:        2.872ns  (logic 0.842ns (29.315%)  route 2.030ns (70.685%))
  Logic Levels:           2  (LUT5=1 LUT6=1)
  Clock Path Skew:        -0.019ns (DCD - SCD + CPR)
    Destination Clock Delay (DCD):    5.009ns = ( 15.009 - 10.000 ) 
    Source Clock Delay      (SCD):    5.303ns
    Clock Pessimism Removal (CPR):    0.275ns
  Clock Uncertainty:      0.035ns  ((TSJ^2 + TIJ^2)^1/2 + DJ) / 2 + PE
    Total System Jitter     (TSJ):    0.071ns
    Total Input Jitter      (TIJ):    0.000ns
    Discrete Jitter          (DJ):    0.000ns
    Phase Error              (PE):    0.000ns

    Location             Delay type                Incr(ns)  Path(ns)    Netlist Resource(s)
  -------------------------------------------------------------------    -------------------
                         (clock sys_clk_pin rise edge)
                                                      0.000     0.000 r  
    E3                                                0.000     0.000 r  clk_i (IN)
                         net (fo=0)                   0.000     0.000    clk_i
    E3                   IBUF (Prop_ibuf_I_O)         1.482     1.482 r  clk_i_IBUF_inst/O
                         net (fo=1, routed)           2.025     3.506    clk_i_IBUF
    BUFGCTRL_X0Y16       BUFG (Prop_bufg_I_O)         0.096     3.602 r  clk_i_IBUF_BUFG_inst/O
                         net (fo=44, routed)          1.701     5.303    semseg_one2many/CLK
    SLICE_X0Y116         FDCE                                         r  semseg_one2many/counter_ff_reg[7]/C
  -------------------------------------------------------------------    -------------------
    SLICE_X0Y116         FDCE (Prop_fdce_C_Q)         0.419     5.722 f  semseg_one2many/counter_ff_reg[7]/Q
                         net (fo=4, routed)           0.842     6.564    semseg_one2many/counter_ff_reg[7]
    SLICE_X0Y116         LUT6 (Prop_lut6_I1_O)        0.299     6.863 r  semseg_one2many/an_ff[7]_i_2/O
                         net (fo=1, routed)           0.344     7.206    semseg_one2many/an_ff[7]_i_2_n_0
    SLICE_X1Y116         LUT5 (Prop_lut5_I4_O)        0.124     7.330 r  semseg_one2many/an_ff[7]_i_1/O
                         net (fo=16, routed)          0.845     8.176    semseg_one2many/an_en
    SLICE_X2Y110         FDPE                                         r  semseg_one2many/an_ff_reg[2]/CE
  -------------------------------------------------------------------    -------------------

                         (clock sys_clk_pin rise edge)
                                                     10.000    10.000 r  
    E3                                                0.000    10.000 r  clk_i (IN)
                         net (fo=0)                   0.000    10.000    clk_i
    E3                   IBUF (Prop_ibuf_I_O)         1.411    11.411 r  clk_i_IBUF_inst/O
                         net (fo=1, routed)           1.920    13.331    clk_i_IBUF
    BUFGCTRL_X0Y16       BUFG (Prop_bufg_I_O)         0.091    13.422 r  clk_i_IBUF_BUFG_inst/O
                         net (fo=44, routed)          1.587    15.009    semseg_one2many/CLK
    SLICE_X2Y110         FDPE                                         r  semseg_one2many/an_ff_reg[2]/C
                         clock pessimism              0.275    15.284    
                         clock uncertainty           -0.035    15.249    
    SLICE_X2Y110         FDPE (Setup_fdpe_C_CE)      -0.169    15.080    semseg_one2many/an_ff_reg[2]
  -------------------------------------------------------------------
                         required time                         15.080    
                         arrival time                          -8.176    
  -------------------------------------------------------------------
                         slack                                  6.904    

Slack (MET) :             6.963ns  (required time - arrival time)
  Source:                 semseg_one2many/counter_ff_reg[7]/C
                            (rising edge-triggered cell FDCE clocked by sys_clk_pin  {rise@0.000ns fall@5.000ns period=10.000ns})
  Destination:            semseg_one2many/an_ff_reg[0]_lopt_replica/CE
                            (rising edge-triggered cell FDCE clocked by sys_clk_pin  {rise@0.000ns fall@5.000ns period=10.000ns})
  Path Group:             sys_clk_pin
  Path Type:              Setup (Max at Slow Process Corner)
  Requirement:            10.000ns  (sys_clk_pin rise@10.000ns - sys_clk_pin rise@0.000ns)
  Data Path Delay:        2.779ns  (logic 0.842ns (30.298%)  route 1.937ns (69.702%))
  Logic Levels:           2  (LUT5=1 LUT6=1)
  Clock Path Skew:        -0.018ns (DCD - SCD + CPR)
    Destination Clock Delay (DCD):    5.010ns = ( 15.010 - 10.000 ) 
    Source Clock Delay      (SCD):    5.303ns
    Clock Pessimism Removal (CPR):    0.275ns
  Clock Uncertainty:      0.035ns  ((TSJ^2 + TIJ^2)^1/2 + DJ) / 2 + PE
    Total System Jitter     (TSJ):    0.071ns
    Total Input Jitter      (TIJ):    0.000ns
    Discrete Jitter          (DJ):    0.000ns
    Phase Error              (PE):    0.000ns

    Location             Delay type                Incr(ns)  Path(ns)    Netlist Resource(s)
  -------------------------------------------------------------------    -------------------
                         (clock sys_clk_pin rise edge)
                                                      0.000     0.000 r  
    E3                                                0.000     0.000 r  clk_i (IN)
                         net (fo=0)                   0.000     0.000    clk_i
    E3                   IBUF (Prop_ibuf_I_O)         1.482     1.482 r  clk_i_IBUF_inst/O
                         net (fo=1, routed)           2.025     3.506    clk_i_IBUF
    BUFGCTRL_X0Y16       BUFG (Prop_bufg_I_O)         0.096     3.602 r  clk_i_IBUF_BUFG_inst/O
                         net (fo=44, routed)          1.701     5.303    semseg_one2many/CLK
    SLICE_X0Y116         FDCE                                         r  semseg_one2many/counter_ff_reg[7]/C
  -------------------------------------------------------------------    -------------------
    SLICE_X0Y116         FDCE (Prop_fdce_C_Q)         0.419     5.722 f  semseg_one2many/counter_ff_reg[7]/Q
                         net (fo=4, routed)           0.842     6.564    semseg_one2many/counter_ff_reg[7]
    SLICE_X0Y116         LUT6 (Prop_lut6_I1_O)        0.299     6.863 r  semseg_one2many/an_ff[7]_i_2/O
                         net (fo=1, routed)           0.344     7.206    semseg_one2many/an_ff[7]_i_2_n_0
    SLICE_X1Y116         LUT5 (Prop_lut5_I4_O)        0.124     7.330 r  semseg_one2many/an_ff[7]_i_1/O
                         net (fo=16, routed)          0.752     8.082    semseg_one2many/an_en
    SLICE_X0Y108         FDCE                                         r  semseg_one2many/an_ff_reg[0]_lopt_replica/CE
  -------------------------------------------------------------------    -------------------

                         (clock sys_clk_pin rise edge)
                                                     10.000    10.000 r  
    E3                                                0.000    10.000 r  clk_i (IN)
                         net (fo=0)                   0.000    10.000    clk_i
    E3                   IBUF (Prop_ibuf_I_O)         1.411    11.411 r  clk_i_IBUF_inst/O
                         net (fo=1, routed)           1.920    13.331    clk_i_IBUF
    BUFGCTRL_X0Y16       BUFG (Prop_bufg_I_O)         0.091    13.422 r  clk_i_IBUF_BUFG_inst/O
                         net (fo=44, routed)          1.588    15.010    semseg_one2many/CLK
    SLICE_X0Y108         FDCE                                         r  semseg_one2many/an_ff_reg[0]_lopt_replica/C
                         clock pessimism              0.275    15.285    
                         clock uncertainty           -0.035    15.250    
    SLICE_X0Y108         FDCE (Setup_fdce_C_CE)      -0.205    15.045    semseg_one2many/an_ff_reg[0]_lopt_replica
  -------------------------------------------------------------------
                         required time                         15.045    
                         arrival time                          -8.082    
  -------------------------------------------------------------------
                         slack                                  6.963    

Slack (MET) :             6.963ns  (required time - arrival time)
  Source:                 semseg_one2many/counter_ff_reg[7]/C
                            (rising edge-triggered cell FDCE clocked by sys_clk_pin  {rise@0.000ns fall@5.000ns period=10.000ns})
  Destination:            semseg_one2many/an_ff_reg[7]_lopt_replica/CE
                            (rising edge-triggered cell FDPE clocked by sys_clk_pin  {rise@0.000ns fall@5.000ns period=10.000ns})
  Path Group:             sys_clk_pin
  Path Type:              Setup (Max at Slow Process Corner)
  Requirement:            10.000ns  (sys_clk_pin rise@10.000ns - sys_clk_pin rise@0.000ns)
  Data Path Delay:        2.779ns  (logic 0.842ns (30.298%)  route 1.937ns (69.702%))
  Logic Levels:           2  (LUT5=1 LUT6=1)
  Clock Path Skew:        -0.018ns (DCD - SCD + CPR)
    Destination Clock Delay (DCD):    5.010ns = ( 15.010 - 10.000 ) 
    Source Clock Delay      (SCD):    5.303ns
    Clock Pessimism Removal (CPR):    0.275ns
  Clock Uncertainty:      0.035ns  ((TSJ^2 + TIJ^2)^1/2 + DJ) / 2 + PE
    Total System Jitter     (TSJ):    0.071ns
    Total Input Jitter      (TIJ):    0.000ns
    Discrete Jitter          (DJ):    0.000ns
    Phase Error              (PE):    0.000ns

    Location             Delay type                Incr(ns)  Path(ns)    Netlist Resource(s)
  -------------------------------------------------------------------    -------------------
                         (clock sys_clk_pin rise edge)
                                                      0.000     0.000 r  
    E3                                                0.000     0.000 r  clk_i (IN)
                         net (fo=0)                   0.000     0.000    clk_i
    E3                   IBUF (Prop_ibuf_I_O)         1.482     1.482 r  clk_i_IBUF_inst/O
                         net (fo=1, routed)           2.025     3.506    clk_i_IBUF
    BUFGCTRL_X0Y16       BUFG (Prop_bufg_I_O)         0.096     3.602 r  clk_i_IBUF_BUFG_inst/O
                         net (fo=44, routed)          1.701     5.303    semseg_one2many/CLK
    SLICE_X0Y116         FDCE                                         r  semseg_one2many/counter_ff_reg[7]/C
  -------------------------------------------------------------------    -------------------
    SLICE_X0Y116         FDCE (Prop_fdce_C_Q)         0.419     5.722 f  semseg_one2many/counter_ff_reg[7]/Q
                         net (fo=4, routed)           0.842     6.564    semseg_one2many/counter_ff_reg[7]
    SLICE_X0Y116         LUT6 (Prop_lut6_I1_O)        0.299     6.863 r  semseg_one2many/an_ff[7]_i_2/O
                         net (fo=1, routed)           0.344     7.206    semseg_one2many/an_ff[7]_i_2_n_0
    SLICE_X1Y116         LUT5 (Prop_lut5_I4_O)        0.124     7.330 r  semseg_one2many/an_ff[7]_i_1/O
                         net (fo=16, routed)          0.752     8.082    semseg_one2many/an_en
    SLICE_X0Y108         FDPE                                         r  semseg_one2many/an_ff_reg[7]_lopt_replica/CE
  -------------------------------------------------------------------    -------------------

                         (clock sys_clk_pin rise edge)
                                                     10.000    10.000 r  
    E3                                                0.000    10.000 r  clk_i (IN)
                         net (fo=0)                   0.000    10.000    clk_i
    E3                   IBUF (Prop_ibuf_I_O)         1.411    11.411 r  clk_i_IBUF_inst/O
                         net (fo=1, routed)           1.920    13.331    clk_i_IBUF
    BUFGCTRL_X0Y16       BUFG (Prop_bufg_I_O)         0.091    13.422 r  clk_i_IBUF_BUFG_inst/O
                         net (fo=44, routed)          1.588    15.010    semseg_one2many/CLK
    SLICE_X0Y108         FDPE                                         r  semseg_one2many/an_ff_reg[7]_lopt_replica/C
                         clock pessimism              0.275    15.285    
                         clock uncertainty           -0.035    15.250    
    SLICE_X0Y108         FDPE (Setup_fdpe_C_CE)      -0.205    15.045    semseg_one2many/an_ff_reg[7]_lopt_replica
  -------------------------------------------------------------------
                         required time                         15.045    
                         arrival time                          -8.082    
  -------------------------------------------------------------------
                         slack                                  6.963    

Slack (MET) :             6.996ns  (required time - arrival time)
  Source:                 semseg_one2many/counter_ff_reg[7]/C
                            (rising edge-triggered cell FDCE clocked by sys_clk_pin  {rise@0.000ns fall@5.000ns period=10.000ns})
  Destination:            semseg_one2many/an_ff_reg[3]/CE
                            (rising edge-triggered cell FDPE clocked by sys_clk_pin  {rise@0.000ns fall@5.000ns period=10.000ns})
  Path Group:             sys_clk_pin
  Path Type:              Setup (Max at Slow Process Corner)
  Requirement:            10.000ns  (sys_clk_pin rise@10.000ns - sys_clk_pin rise@0.000ns)
  Data Path Delay:        2.744ns  (logic 0.842ns (30.682%)  route 1.902ns (69.318%))
  Logic Levels:           2  (LUT5=1 LUT6=1)
  Clock Path Skew:        -0.019ns (DCD - SCD + CPR)
    Destination Clock Delay (DCD):    5.009ns = ( 15.009 - 10.000 ) 
    Source Clock Delay      (SCD):    5.303ns
    Clock Pessimism Removal (CPR):    0.275ns
  Clock Uncertainty:      0.035ns  ((TSJ^2 + TIJ^2)^1/2 + DJ) / 2 + PE
    Total System Jitter     (TSJ):    0.071ns
    Total Input Jitter      (TIJ):    0.000ns
    Discrete Jitter          (DJ):    0.000ns
    Phase Error              (PE):    0.000ns

    Location             Delay type                Incr(ns)  Path(ns)    Netlist Resource(s)
  -------------------------------------------------------------------    -------------------
                         (clock sys_clk_pin rise edge)
                                                      0.000     0.000 r  
    E3                                                0.000     0.000 r  clk_i (IN)
                         net (fo=0)                   0.000     0.000    clk_i
    E3                   IBUF (Prop_ibuf_I_O)         1.482     1.482 r  clk_i_IBUF_inst/O
                         net (fo=1, routed)           2.025     3.506    clk_i_IBUF
    BUFGCTRL_X0Y16       BUFG (Prop_bufg_I_O)         0.096     3.602 r  clk_i_IBUF_BUFG_inst/O
                         net (fo=44, routed)          1.701     5.303    semseg_one2many/CLK
    SLICE_X0Y116         FDCE                                         r  semseg_one2many/counter_ff_reg[7]/C
  -------------------------------------------------------------------    -------------------
    SLICE_X0Y116         FDCE (Prop_fdce_C_Q)         0.419     5.722 f  semseg_one2many/counter_ff_reg[7]/Q
                         net (fo=4, routed)           0.842     6.564    semseg_one2many/counter_ff_reg[7]
    SLICE_X0Y116         LUT6 (Prop_lut6_I1_O)        0.299     6.863 r  semseg_one2many/an_ff[7]_i_2/O
                         net (fo=1, routed)           0.344     7.206    semseg_one2many/an_ff[7]_i_2_n_0
    SLICE_X1Y116         LUT5 (Prop_lut5_I4_O)        0.124     7.330 r  semseg_one2many/an_ff[7]_i_1/O
                         net (fo=16, routed)          0.717     8.048    semseg_one2many/an_en
    SLICE_X3Y110         FDPE                                         r  semseg_one2many/an_ff_reg[3]/CE
  -------------------------------------------------------------------    -------------------

                         (clock sys_clk_pin rise edge)
                                                     10.000    10.000 r  
    E3                                                0.000    10.000 r  clk_i (IN)
                         net (fo=0)                   0.000    10.000    clk_i
    E3                   IBUF (Prop_ibuf_I_O)         1.411    11.411 r  clk_i_IBUF_inst/O
                         net (fo=1, routed)           1.920    13.331    clk_i_IBUF
    BUFGCTRL_X0Y16       BUFG (Prop_bufg_I_O)         0.091    13.422 r  clk_i_IBUF_BUFG_inst/O
                         net (fo=44, routed)          1.587    15.009    semseg_one2many/CLK
    SLICE_X3Y110         FDPE                                         r  semseg_one2many/an_ff_reg[3]/C
                         clock pessimism              0.275    15.284    
                         clock uncertainty           -0.035    15.249    
    SLICE_X3Y110         FDPE (Setup_fdpe_C_CE)      -0.205    15.044    semseg_one2many/an_ff_reg[3]
  -------------------------------------------------------------------
                         required time                         15.044    
                         arrival time                          -8.048    
  -------------------------------------------------------------------
                         slack                                  6.996    

Slack (MET) :             6.996ns  (required time - arrival time)
  Source:                 semseg_one2many/counter_ff_reg[7]/C
                            (rising edge-triggered cell FDCE clocked by sys_clk_pin  {rise@0.000ns fall@5.000ns period=10.000ns})
  Destination:            semseg_one2many/an_ff_reg[4]/CE
                            (rising edge-triggered cell FDPE clocked by sys_clk_pin  {rise@0.000ns fall@5.000ns period=10.000ns})
  Path Group:             sys_clk_pin
  Path Type:              Setup (Max at Slow Process Corner)
  Requirement:            10.000ns  (sys_clk_pin rise@10.000ns - sys_clk_pin rise@0.000ns)
  Data Path Delay:        2.744ns  (logic 0.842ns (30.682%)  route 1.902ns (69.318%))
  Logic Levels:           2  (LUT5=1 LUT6=1)
  Clock Path Skew:        -0.019ns (DCD - SCD + CPR)
    Destination Clock Delay (DCD):    5.009ns = ( 15.009 - 10.000 ) 
    Source Clock Delay      (SCD):    5.303ns
    Clock Pessimism Removal (CPR):    0.275ns
  Clock Uncertainty:      0.035ns  ((TSJ^2 + TIJ^2)^1/2 + DJ) / 2 + PE
    Total System Jitter     (TSJ):    0.071ns
    Total Input Jitter      (TIJ):    0.000ns
    Discrete Jitter          (DJ):    0.000ns
    Phase Error              (PE):    0.000ns

    Location             Delay type                Incr(ns)  Path(ns)    Netlist Resource(s)
  -------------------------------------------------------------------    -------------------
                         (clock sys_clk_pin rise edge)
                                                      0.000     0.000 r  
    E3                                                0.000     0.000 r  clk_i (IN)
                         net (fo=0)                   0.000     0.000    clk_i
    E3                   IBUF (Prop_ibuf_I_O)         1.482     1.482 r  clk_i_IBUF_inst/O
                         net (fo=1, routed)           2.025     3.506    clk_i_IBUF
    BUFGCTRL_X0Y16       BUFG (Prop_bufg_I_O)         0.096     3.602 r  clk_i_IBUF_BUFG_inst/O
                         net (fo=44, routed)          1.701     5.303    semseg_one2many/CLK
    SLICE_X0Y116         FDCE                                         r  semseg_one2many/counter_ff_reg[7]/C
  -------------------------------------------------------------------    -------------------
    SLICE_X0Y116         FDCE (Prop_fdce_C_Q)         0.419     5.722 f  semseg_one2many/counter_ff_reg[7]/Q
                         net (fo=4, routed)           0.842     6.564    semseg_one2many/counter_ff_reg[7]
    SLICE_X0Y116         LUT6 (Prop_lut6_I1_O)        0.299     6.863 r  semseg_one2many/an_ff[7]_i_2/O
                         net (fo=1, routed)           0.344     7.206    semseg_one2many/an_ff[7]_i_2_n_0
    SLICE_X1Y116         LUT5 (Prop_lut5_I4_O)        0.124     7.330 r  semseg_one2many/an_ff[7]_i_1/O
                         net (fo=16, routed)          0.717     8.048    semseg_one2many/an_en
    SLICE_X3Y110         FDPE                                         r  semseg_one2many/an_ff_reg[4]/CE
  -------------------------------------------------------------------    -------------------

                         (clock sys_clk_pin rise edge)
                                                     10.000    10.000 r  
    E3                                                0.000    10.000 r  clk_i (IN)
                         net (fo=0)                   0.000    10.000    clk_i
    E3                   IBUF (Prop_ibuf_I_O)         1.411    11.411 r  clk_i_IBUF_inst/O
                         net (fo=1, routed)           1.920    13.331    clk_i_IBUF
    BUFGCTRL_X0Y16       BUFG (Prop_bufg_I_O)         0.091    13.422 r  clk_i_IBUF_BUFG_inst/O
                         net (fo=44, routed)          1.587    15.009    semseg_one2many/CLK
    SLICE_X3Y110         FDPE                                         r  semseg_one2many/an_ff_reg[4]/C
                         clock pessimism              0.275    15.284    
                         clock uncertainty           -0.035    15.249    
    SLICE_X3Y110         FDPE (Setup_fdpe_C_CE)      -0.205    15.044    semseg_one2many/an_ff_reg[4]
  -------------------------------------------------------------------
                         required time                         15.044    
                         arrival time                          -8.048    
  -------------------------------------------------------------------
                         slack                                  6.996    

Slack (MET) :             6.996ns  (required time - arrival time)
  Source:                 semseg_one2many/counter_ff_reg[7]/C
                            (rising edge-triggered cell FDCE clocked by sys_clk_pin  {rise@0.000ns fall@5.000ns period=10.000ns})
  Destination:            semseg_one2many/an_ff_reg[5]/CE
                            (rising edge-triggered cell FDPE clocked by sys_clk_pin  {rise@0.000ns fall@5.000ns period=10.000ns})
  Path Group:             sys_clk_pin
  Path Type:              Setup (Max at Slow Process Corner)
  Requirement:            10.000ns  (sys_clk_pin rise@10.000ns - sys_clk_pin rise@0.000ns)
  Data Path Delay:        2.744ns  (logic 0.842ns (30.682%)  route 1.902ns (69.318%))
  Logic Levels:           2  (LUT5=1 LUT6=1)
  Clock Path Skew:        -0.019ns (DCD - SCD + CPR)
    Destination Clock Delay (DCD):    5.009ns = ( 15.009 - 10.000 ) 
    Source Clock Delay      (SCD):    5.303ns
    Clock Pessimism Removal (CPR):    0.275ns
  Clock Uncertainty:      0.035ns  ((TSJ^2 + TIJ^2)^1/2 + DJ) / 2 + PE
    Total System Jitter     (TSJ):    0.071ns
    Total Input Jitter      (TIJ):    0.000ns
    Discrete Jitter          (DJ):    0.000ns
    Phase Error              (PE):    0.000ns

    Location             Delay type                Incr(ns)  Path(ns)    Netlist Resource(s)
  -------------------------------------------------------------------    -------------------
                         (clock sys_clk_pin rise edge)
                                                      0.000     0.000 r  
    E3                                                0.000     0.000 r  clk_i (IN)
                         net (fo=0)                   0.000     0.000    clk_i
    E3                   IBUF (Prop_ibuf_I_O)         1.482     1.482 r  clk_i_IBUF_inst/O
                         net (fo=1, routed)           2.025     3.506    clk_i_IBUF
    BUFGCTRL_X0Y16       BUFG (Prop_bufg_I_O)         0.096     3.602 r  clk_i_IBUF_BUFG_inst/O
                         net (fo=44, routed)          1.701     5.303    semseg_one2many/CLK
    SLICE_X0Y116         FDCE                                         r  semseg_one2many/counter_ff_reg[7]/C
  -------------------------------------------------------------------    -------------------
    SLICE_X0Y116         FDCE (Prop_fdce_C_Q)         0.419     5.722 f  semseg_one2many/counter_ff_reg[7]/Q
                         net (fo=4, routed)           0.842     6.564    semseg_one2many/counter_ff_reg[7]
    SLICE_X0Y116         LUT6 (Prop_lut6_I1_O)        0.299     6.863 r  semseg_one2many/an_ff[7]_i_2/O
                         net (fo=1, routed)           0.344     7.206    semseg_one2many/an_ff[7]_i_2_n_0
    SLICE_X1Y116         LUT5 (Prop_lut5_I4_O)        0.124     7.330 r  semseg_one2many/an_ff[7]_i_1/O
                         net (fo=16, routed)          0.717     8.048    semseg_one2many/an_en
    SLICE_X3Y110         FDPE                                         r  semseg_one2many/an_ff_reg[5]/CE
  -------------------------------------------------------------------    -------------------

                         (clock sys_clk_pin rise edge)
                                                     10.000    10.000 r  
    E3                                                0.000    10.000 r  clk_i (IN)
                         net (fo=0)                   0.000    10.000    clk_i
    E3                   IBUF (Prop_ibuf_I_O)         1.411    11.411 r  clk_i_IBUF_inst/O
                         net (fo=1, routed)           1.920    13.331    clk_i_IBUF
    BUFGCTRL_X0Y16       BUFG (Prop_bufg_I_O)         0.091    13.422 r  clk_i_IBUF_BUFG_inst/O
                         net (fo=44, routed)          1.587    15.009    semseg_one2many/CLK
    SLICE_X3Y110         FDPE                                         r  semseg_one2many/an_ff_reg[5]/C
                         clock pessimism              0.275    15.284    
                         clock uncertainty           -0.035    15.249    
    SLICE_X3Y110         FDPE (Setup_fdpe_C_CE)      -0.205    15.044    semseg_one2many/an_ff_reg[5]
  -------------------------------------------------------------------
                         required time                         15.044    
                         arrival time                          -8.048    
  -------------------------------------------------------------------
                         slack                                  6.996    





Min Delay Paths
--------------------------------------------------------------------------------------
Slack (MET) :             0.203ns  (arrival time - required time)
  Source:                 semseg_one2many/an_ff_reg[6]/C
                            (rising edge-triggered cell FDPE clocked by sys_clk_pin  {rise@0.000ns fall@5.000ns period=10.000ns})
  Destination:            semseg_one2many/an_ff_reg[7]_lopt_replica/D
                            (rising edge-triggered cell FDPE clocked by sys_clk_pin  {rise@0.000ns fall@5.000ns period=10.000ns})
  Path Group:             sys_clk_pin
  Path Type:              Hold (Min at Fast Process Corner)
  Requirement:            0.000ns  (sys_clk_pin rise@0.000ns - sys_clk_pin rise@0.000ns)
  Data Path Delay:        0.285ns  (logic 0.141ns (49.396%)  route 0.144ns (50.604%))
  Logic Levels:           0  
  Clock Path Skew:        0.016ns (DCD - SCD - CPR)
    Destination Clock Delay (DCD):    2.035ns
    Source Clock Delay      (SCD):    1.516ns
    Clock Pessimism Removal (CPR):    0.502ns

    Location             Delay type                Incr(ns)  Path(ns)    Netlist Resource(s)
  -------------------------------------------------------------------    -------------------
                         (clock sys_clk_pin rise edge)
                                                      0.000     0.000 r  
    E3                                                0.000     0.000 r  clk_i (IN)
                         net (fo=0)                   0.000     0.000    clk_i
    E3                   IBUF (Prop_ibuf_I_O)         0.250     0.250 r  clk_i_IBUF_inst/O
                         net (fo=1, routed)           0.644     0.894    clk_i_IBUF
    BUFGCTRL_X0Y16       BUFG (Prop_bufg_I_O)         0.026     0.920 r  clk_i_IBUF_BUFG_inst/O
                         net (fo=44, routed)          0.597     1.516    semseg_one2many/CLK
    SLICE_X3Y108         FDPE                                         r  semseg_one2many/an_ff_reg[6]/C
  -------------------------------------------------------------------    -------------------
    SLICE_X3Y108         FDPE (Prop_fdpe_C_Q)         0.141     1.657 r  semseg_one2many/an_ff_reg[6]/Q
                         net (fo=10, routed)          0.144     1.802    semseg_one2many/Q[6]
    SLICE_X0Y108         FDPE                                         r  semseg_one2many/an_ff_reg[7]_lopt_replica/D
  -------------------------------------------------------------------    -------------------

                         (clock sys_clk_pin rise edge)
                                                      0.000     0.000 r  
    E3                                                0.000     0.000 r  clk_i (IN)
                         net (fo=0)                   0.000     0.000    clk_i
    E3                   IBUF (Prop_ibuf_I_O)         0.438     0.438 r  clk_i_IBUF_inst/O
                         net (fo=1, routed)           0.699     1.136    clk_i_IBUF
    BUFGCTRL_X0Y16       BUFG (Prop_bufg_I_O)         0.029     1.165 r  clk_i_IBUF_BUFG_inst/O
                         net (fo=44, routed)          0.870     2.035    semseg_one2many/CLK
    SLICE_X0Y108         FDPE                                         r  semseg_one2many/an_ff_reg[7]_lopt_replica/C
                         clock pessimism             -0.502     1.532    
    SLICE_X0Y108         FDPE (Hold_fdpe_C_D)         0.066     1.598    semseg_one2many/an_ff_reg[7]_lopt_replica
  -------------------------------------------------------------------
                         required time                         -1.598    
                         arrival time                           1.802    
  -------------------------------------------------------------------
                         slack                                  0.203    

Slack (MET) :             0.210ns  (arrival time - required time)
  Source:                 semseg_one2many/an_ff_reg[7]/C
                            (rising edge-triggered cell FDPE clocked by sys_clk_pin  {rise@0.000ns fall@5.000ns period=10.000ns})
  Destination:            semseg_one2many/an_ff_reg[0]/D
                            (rising edge-triggered cell FDCE clocked by sys_clk_pin  {rise@0.000ns fall@5.000ns period=10.000ns})
  Path Group:             sys_clk_pin
  Path Type:              Hold (Min at Fast Process Corner)
  Requirement:            0.000ns  (sys_clk_pin rise@0.000ns - sys_clk_pin rise@0.000ns)
  Data Path Delay:        0.282ns  (logic 0.141ns (50.027%)  route 0.141ns (49.973%))
  Logic Levels:           0  
  Clock Path Skew:        0.013ns (DCD - SCD - CPR)
    Destination Clock Delay (DCD):    2.034ns
    Source Clock Delay      (SCD):    1.515ns
    Clock Pessimism Removal (CPR):    0.505ns

    Location             Delay type                Incr(ns)  Path(ns)    Netlist Resource(s)
  -------------------------------------------------------------------    -------------------
                         (clock sys_clk_pin rise edge)
                                                      0.000     0.000 r  
    E3                                                0.000     0.000 r  clk_i (IN)
                         net (fo=0)                   0.000     0.000    clk_i
    E3                   IBUF (Prop_ibuf_I_O)         0.250     0.250 r  clk_i_IBUF_inst/O
                         net (fo=1, routed)           0.644     0.894    clk_i_IBUF
    BUFGCTRL_X0Y16       BUFG (Prop_bufg_I_O)         0.026     0.920 r  clk_i_IBUF_BUFG_inst/O
                         net (fo=44, routed)          0.596     1.515    semseg_one2many/CLK
    SLICE_X3Y110         FDPE                                         r  semseg_one2many/an_ff_reg[7]/C
  -------------------------------------------------------------------    -------------------
    SLICE_X3Y110         FDPE (Prop_fdpe_C_Q)         0.141     1.656 r  semseg_one2many/an_ff_reg[7]/Q
                         net (fo=9, routed)           0.141     1.797    semseg_one2many/Q[7]
    SLICE_X2Y110         FDCE                                         r  semseg_one2many/an_ff_reg[0]/D
  -------------------------------------------------------------------    -------------------

                         (clock sys_clk_pin rise edge)
                                                      0.000     0.000 r  
    E3                                                0.000     0.000 r  clk_i (IN)
                         net (fo=0)                   0.000     0.000    clk_i
    E3                   IBUF (Prop_ibuf_I_O)         0.438     0.438 r  clk_i_IBUF_inst/O
                         net (fo=1, routed)           0.699     1.136    clk_i_IBUF
    BUFGCTRL_X0Y16       BUFG (Prop_bufg_I_O)         0.029     1.165 r  clk_i_IBUF_BUFG_inst/O
                         net (fo=44, routed)          0.869     2.034    semseg_one2many/CLK
    SLICE_X2Y110         FDCE                                         r  semseg_one2many/an_ff_reg[0]/C
                         clock pessimism             -0.505     1.528    
    SLICE_X2Y110         FDCE (Hold_fdce_C_D)         0.059     1.587    semseg_one2many/an_ff_reg[0]
  -------------------------------------------------------------------
                         required time                         -1.587    
                         arrival time                           1.797    
  -------------------------------------------------------------------
                         slack                                  0.210    

Slack (MET) :             0.237ns  (arrival time - required time)
  Source:                 semseg_one2many/counter_ff_reg[3]/C
                            (rising edge-triggered cell FDCE clocked by sys_clk_pin  {rise@0.000ns fall@5.000ns period=10.000ns})
  Destination:            semseg_one2many/counter_ff_reg[5]/D
                            (rising edge-triggered cell FDCE clocked by sys_clk_pin  {rise@0.000ns fall@5.000ns period=10.000ns})
  Path Group:             sys_clk_pin
  Path Type:              Hold (Min at Fast Process Corner)
  Requirement:            0.000ns  (sys_clk_pin rise@0.000ns - sys_clk_pin rise@0.000ns)
  Data Path Delay:        0.329ns  (logic 0.186ns (56.458%)  route 0.143ns (43.542%))
  Logic Levels:           1  (LUT6=1)
  Clock Path Skew:        0.000ns (DCD - SCD - CPR)
    Destination Clock Delay (DCD):    2.029ns
    Source Clock Delay      (SCD):    1.512ns
    Clock Pessimism Removal (CPR):    0.516ns

    Location             Delay type                Incr(ns)  Path(ns)    Netlist Resource(s)
  -------------------------------------------------------------------    -------------------
                         (clock sys_clk_pin rise edge)
                                                      0.000     0.000 r  
    E3                                                0.000     0.000 r  clk_i (IN)
                         net (fo=0)                   0.000     0.000    clk_i
    E3                   IBUF (Prop_ibuf_I_O)         0.250     0.250 r  clk_i_IBUF_inst/O
                         net (fo=1, routed)           0.644     0.894    clk_i_IBUF
    BUFGCTRL_X0Y16       BUFG (Prop_bufg_I_O)         0.026     0.920 r  clk_i_IBUF_BUFG_inst/O
                         net (fo=44, routed)          0.593     1.512    semseg_one2many/CLK
    SLICE_X1Y116         FDCE                                         r  semseg_one2many/counter_ff_reg[3]/C
  -------------------------------------------------------------------    -------------------
    SLICE_X1Y116         FDCE (Prop_fdce_C_Q)         0.141     1.653 r  semseg_one2many/counter_ff_reg[3]/Q
                         net (fo=5, routed)           0.143     1.797    semseg_one2many/counter_ff_reg[3]
    SLICE_X1Y116         LUT6 (Prop_lut6_I4_O)        0.045     1.842 r  semseg_one2many/counter_ff[5]_i_1/O
                         net (fo=1, routed)           0.000     1.842    semseg_one2many/counter_next[5]
    SLICE_X1Y116         FDCE                                         r  semseg_one2many/counter_ff_reg[5]/D
  -------------------------------------------------------------------    -------------------

                         (clock sys_clk_pin rise edge)
                                                      0.000     0.000 r  
    E3                                                0.000     0.000 r  clk_i (IN)
                         net (fo=0)                   0.000     0.000    clk_i
    E3                   IBUF (Prop_ibuf_I_O)         0.438     0.438 r  clk_i_IBUF_inst/O
                         net (fo=1, routed)           0.699     1.136    clk_i_IBUF
    BUFGCTRL_X0Y16       BUFG (Prop_bufg_I_O)         0.029     1.165 r  clk_i_IBUF_BUFG_inst/O
                         net (fo=44, routed)          0.864     2.029    semseg_one2many/CLK
    SLICE_X1Y116         FDCE                                         r  semseg_one2many/counter_ff_reg[5]/C
                         clock pessimism             -0.516     1.512    
    SLICE_X1Y116         FDCE (Hold_fdce_C_D)         0.092     1.604    semseg_one2many/counter_ff_reg[5]
  -------------------------------------------------------------------
                         required time                         -1.604    
                         arrival time                           1.842    
  -------------------------------------------------------------------
                         slack                                  0.237    

Slack (MET) :             0.243ns  (arrival time - required time)
  Source:                 debounce/counter_ff_reg[0]/C
                            (rising edge-triggered cell FDRE clocked by sys_clk_pin  {rise@0.000ns fall@5.000ns period=10.000ns})
  Destination:            debounce/data_o_reg/D
                            (rising edge-triggered cell FDRE clocked by sys_clk_pin  {rise@0.000ns fall@5.000ns period=10.000ns})
  Path Group:             sys_clk_pin
  Path Type:              Hold (Min at Fast Process Corner)
  Requirement:            0.000ns  (sys_clk_pin rise@0.000ns - sys_clk_pin rise@0.000ns)
  Data Path Delay:        0.350ns  (logic 0.186ns (53.137%)  route 0.164ns (46.863%))
  Logic Levels:           1  (LUT6=1)
  Clock Path Skew:        0.016ns (DCD - SCD - CPR)
    Destination Clock Delay (DCD):    2.002ns
    Source Clock Delay      (SCD):    1.485ns
    Clock Pessimism Removal (CPR):    0.500ns

    Location             Delay type                Incr(ns)  Path(ns)    Netlist Resource(s)
  -------------------------------------------------------------------    -------------------
                         (clock sys_clk_pin rise edge)
                                                      0.000     0.000 r  
    E3                                                0.000     0.000 r  clk_i (IN)
                         net (fo=0)                   0.000     0.000    clk_i
    E3                   IBUF (Prop_ibuf_I_O)         0.250     0.250 r  clk_i_IBUF_inst/O
                         net (fo=1, routed)           0.644     0.894    clk_i_IBUF
    BUFGCTRL_X0Y16       BUFG (Prop_bufg_I_O)         0.026     0.920 r  clk_i_IBUF_BUFG_inst/O
                         net (fo=44, routed)          0.566     1.485    debounce/CLK
    SLICE_X49Y94         FDRE                                         r  debounce/counter_ff_reg[0]/C
  -------------------------------------------------------------------    -------------------
    SLICE_X49Y94         FDRE (Prop_fdre_C_Q)         0.141     1.626 r  debounce/counter_ff_reg[0]/Q
                         net (fo=2, routed)           0.164     1.790    debounce/counter_ff_reg[0]
    SLICE_X48Y95         LUT6 (Prop_lut6_I2_O)        0.045     1.835 r  debounce/data_o_i_1/O
                         net (fo=1, routed)           0.000     1.835    debounce/data_o_i_1_n_0
    SLICE_X48Y95         FDRE                                         r  debounce/data_o_reg/D
  -------------------------------------------------------------------    -------------------

                         (clock sys_clk_pin rise edge)
                                                      0.000     0.000 r  
    E3                                                0.000     0.000 r  clk_i (IN)
                         net (fo=0)                   0.000     0.000    clk_i
    E3                   IBUF (Prop_ibuf_I_O)         0.438     0.438 r  clk_i_IBUF_inst/O
                         net (fo=1, routed)           0.699     1.136    clk_i_IBUF
    BUFGCTRL_X0Y16       BUFG (Prop_bufg_I_O)         0.029     1.165 r  clk_i_IBUF_BUFG_inst/O
                         net (fo=44, routed)          0.837     2.002    debounce/CLK
    SLICE_X48Y95         FDRE                                         r  debounce/data_o_reg/C
                         clock pessimism             -0.500     1.501    
    SLICE_X48Y95         FDRE (Hold_fdre_C_D)         0.091     1.592    debounce/data_o_reg
  -------------------------------------------------------------------
                         required time                         -1.592    
                         arrival time                           1.835    
  -------------------------------------------------------------------
                         slack                                  0.243    

Slack (MET) :             0.243ns  (arrival time - required time)
  Source:                 semseg_one2many/an_ff_reg[2]/C
                            (rising edge-triggered cell FDPE clocked by sys_clk_pin  {rise@0.000ns fall@5.000ns period=10.000ns})
  Destination:            semseg_one2many/an_ff_reg[3]_lopt_replica/D
                            (rising edge-triggered cell FDPE clocked by sys_clk_pin  {rise@0.000ns fall@5.000ns period=10.000ns})
  Path Group:             sys_clk_pin
  Path Type:              Hold (Min at Fast Process Corner)
  Requirement:            0.000ns  (sys_clk_pin rise@0.000ns - sys_clk_pin rise@0.000ns)
  Data Path Delay:        0.318ns  (logic 0.164ns (51.561%)  route 0.154ns (48.439%))
  Logic Levels:           0  
  Clock Path Skew:        0.016ns (DCD - SCD - CPR)
    Destination Clock Delay (DCD):    2.034ns
    Source Clock Delay      (SCD):    1.515ns
    Clock Pessimism Removal (CPR):    0.502ns

    Location             Delay type                Incr(ns)  Path(ns)    Netlist Resource(s)
  -------------------------------------------------------------------    -------------------
                         (clock sys_clk_pin rise edge)
                                                      0.000     0.000 r  
    E3                                                0.000     0.000 r  clk_i (IN)
                         net (fo=0)                   0.000     0.000    clk_i
    E3                   IBUF (Prop_ibuf_I_O)         0.250     0.250 r  clk_i_IBUF_inst/O
                         net (fo=1, routed)           0.644     0.894    clk_i_IBUF
    BUFGCTRL_X0Y16       BUFG (Prop_bufg_I_O)         0.026     0.920 r  clk_i_IBUF_BUFG_inst/O
                         net (fo=44, routed)          0.596     1.515    semseg_one2many/CLK
    SLICE_X2Y110         FDPE                                         r  semseg_one2many/an_ff_reg[2]/C
  -------------------------------------------------------------------    -------------------
    SLICE_X2Y110         FDPE (Prop_fdpe_C_Q)         0.164     1.679 r  semseg_one2many/an_ff_reg[2]/Q
                         net (fo=17, routed)          0.154     1.833    semseg_one2many/Q[2]
    SLICE_X2Y111         FDPE                                         r  semseg_one2many/an_ff_reg[3]_lopt_replica/D
  -------------------------------------------------------------------    -------------------

                         (clock sys_clk_pin rise edge)
                                                      0.000     0.000 r  
    E3                                                0.000     0.000 r  clk_i (IN)
                         net (fo=0)                   0.000     0.000    clk_i
    E3                   IBUF (Prop_ibuf_I_O)         0.438     0.438 r  clk_i_IBUF_inst/O
                         net (fo=1, routed)           0.699     1.136    clk_i_IBUF
    BUFGCTRL_X0Y16       BUFG (Prop_bufg_I_O)         0.029     1.165 r  clk_i_IBUF_BUFG_inst/O
                         net (fo=44, routed)          0.869     2.034    semseg_one2many/CLK
    SLICE_X2Y111         FDPE                                         r  semseg_one2many/an_ff_reg[3]_lopt_replica/C
                         clock pessimism             -0.502     1.531    
    SLICE_X2Y111         FDPE (Hold_fdpe_C_D)         0.059     1.590    semseg_one2many/an_ff_reg[3]_lopt_replica
  -------------------------------------------------------------------
                         required time                         -1.590    
                         arrival time                           1.833    
  -------------------------------------------------------------------
                         slack                                  0.243    

Slack (MET) :             0.243ns  (arrival time - required time)
  Source:                 sync/sync_buffer_ff_reg[1]/C
                            (rising edge-triggered cell FDRE clocked by sys_clk_pin  {rise@0.000ns fall@5.000ns period=10.000ns})
  Destination:            sync/sync_buffer_ff_reg[2]/D
                            (rising edge-triggered cell FDRE clocked by sys_clk_pin  {rise@0.000ns fall@5.000ns period=10.000ns})
  Path Group:             sys_clk_pin
  Path Type:              Hold (Min at Fast Process Corner)
  Requirement:            0.000ns  (sys_clk_pin rise@0.000ns - sys_clk_pin rise@0.000ns)
  Data Path Delay:        0.313ns  (logic 0.141ns (45.034%)  route 0.172ns (54.966%))
  Logic Levels:           0  
  Clock Path Skew:        0.000ns (DCD - SCD - CPR)
    Destination Clock Delay (DCD):    2.002ns
    Source Clock Delay      (SCD):    1.485ns
    Clock Pessimism Removal (CPR):    0.516ns

    Location             Delay type                Incr(ns)  Path(ns)    Netlist Resource(s)
  -------------------------------------------------------------------    -------------------
                         (clock sys_clk_pin rise edge)
                                                      0.000     0.000 r  
    E3                                                0.000     0.000 r  clk_i (IN)
                         net (fo=0)                   0.000     0.000    clk_i
    E3                   IBUF (Prop_ibuf_I_O)         0.250     0.250 r  clk_i_IBUF_inst/O
                         net (fo=1, routed)           0.644     0.894    clk_i_IBUF
    BUFGCTRL_X0Y16       BUFG (Prop_bufg_I_O)         0.026     0.920 r  clk_i_IBUF_BUFG_inst/O
                         net (fo=44, routed)          0.566     1.485    sync/CLK
    SLICE_X48Y96         FDRE                                         r  sync/sync_buffer_ff_reg[1]/C
  -------------------------------------------------------------------    -------------------
    SLICE_X48Y96         FDRE (Prop_fdre_C_Q)         0.141     1.626 r  sync/sync_buffer_ff_reg[1]/Q
                         net (fo=1, routed)           0.172     1.798    sync/sync_buffer_next[2]
    SLICE_X48Y96         FDRE                                         r  sync/sync_buffer_ff_reg[2]/D
  -------------------------------------------------------------------    -------------------

                         (clock sys_clk_pin rise edge)
                                                      0.000     0.000 r  
    E3                                                0.000     0.000 r  clk_i (IN)
                         net (fo=0)                   0.000     0.000    clk_i
    E3                   IBUF (Prop_ibuf_I_O)         0.438     0.438 r  clk_i_IBUF_inst/O
                         net (fo=1, routed)           0.699     1.136    clk_i_IBUF
    BUFGCTRL_X0Y16       BUFG (Prop_bufg_I_O)         0.029     1.165 r  clk_i_IBUF_BUFG_inst/O
                         net (fo=44, routed)          0.837     2.002    sync/CLK
    SLICE_X48Y96         FDRE                                         r  sync/sync_buffer_ff_reg[2]/C
                         clock pessimism             -0.516     1.485    
    SLICE_X48Y96         FDRE (Hold_fdre_C_D)         0.070     1.555    sync/sync_buffer_ff_reg[2]
  -------------------------------------------------------------------
                         required time                         -1.555    
                         arrival time                           1.798    
  -------------------------------------------------------------------
                         slack                                  0.243    

Slack (MET) :             0.246ns  (arrival time - required time)
  Source:                 semseg_one2many/an_ff_reg[0]/C
                            (rising edge-triggered cell FDCE clocked by sys_clk_pin  {rise@0.000ns fall@5.000ns period=10.000ns})
  Destination:            semseg_one2many/an_ff_reg[1]_lopt_replica/D
                            (rising edge-triggered cell FDPE clocked by sys_clk_pin  {rise@0.000ns fall@5.000ns period=10.000ns})
  Path Group:             sys_clk_pin
  Path Type:              Hold (Min at Fast Process Corner)
  Requirement:            0.000ns  (sys_clk_pin rise@0.000ns - sys_clk_pin rise@0.000ns)
  Data Path Delay:        0.333ns  (logic 0.164ns (49.237%)  route 0.169ns (50.763%))
  Logic Levels:           0  
  Clock Path Skew:        0.017ns (DCD - SCD - CPR)
    Destination Clock Delay (DCD):    2.035ns
    Source Clock Delay      (SCD):    1.515ns
    Clock Pessimism Removal (CPR):    0.502ns

    Location             Delay type                Incr(ns)  Path(ns)    Netlist Resource(s)
  -------------------------------------------------------------------    -------------------
                         (clock sys_clk_pin rise edge)
                                                      0.000     0.000 r  
    E3                                                0.000     0.000 r  clk_i (IN)
                         net (fo=0)                   0.000     0.000    clk_i
    E3                   IBUF (Prop_ibuf_I_O)         0.250     0.250 r  clk_i_IBUF_inst/O
                         net (fo=1, routed)           0.644     0.894    clk_i_IBUF
    BUFGCTRL_X0Y16       BUFG (Prop_bufg_I_O)         0.026     0.920 r  clk_i_IBUF_BUFG_inst/O
                         net (fo=44, routed)          0.596     1.515    semseg_one2many/CLK
    SLICE_X2Y110         FDCE                                         r  semseg_one2many/an_ff_reg[0]/C
  -------------------------------------------------------------------    -------------------
    SLICE_X2Y110         FDCE (Prop_fdce_C_Q)         0.164     1.679 r  semseg_one2many/an_ff_reg[0]/Q
                         net (fo=17, routed)          0.169     1.849    semseg_one2many/Q[0]
    SLICE_X1Y109         FDPE                                         r  semseg_one2many/an_ff_reg[1]_lopt_replica/D
  -------------------------------------------------------------------    -------------------

                         (clock sys_clk_pin rise edge)
                                                      0.000     0.000 r  
    E3                                                0.000     0.000 r  clk_i (IN)
                         net (fo=0)                   0.000     0.000    clk_i
    E3                   IBUF (Prop_ibuf_I_O)         0.438     0.438 r  clk_i_IBUF_inst/O
                         net (fo=1, routed)           0.699     1.136    clk_i_IBUF
    BUFGCTRL_X0Y16       BUFG (Prop_bufg_I_O)         0.029     1.165 r  clk_i_IBUF_BUFG_inst/O
                         net (fo=44, routed)          0.870     2.035    semseg_one2many/CLK
    SLICE_X1Y109         FDPE                                         r  semseg_one2many/an_ff_reg[1]_lopt_replica/C
                         clock pessimism             -0.502     1.532    
    SLICE_X1Y109         FDPE (Hold_fdpe_C_D)         0.070     1.602    semseg_one2many/an_ff_reg[1]_lopt_replica
  -------------------------------------------------------------------
                         required time                         -1.602    
                         arrival time                           1.849    
  -------------------------------------------------------------------
                         slack                                  0.246    

Slack (MET) :             0.248ns  (arrival time - required time)
  Source:                 semseg_one2many/an_ff_reg[1]/C
                            (rising edge-triggered cell FDPE clocked by sys_clk_pin  {rise@0.000ns fall@5.000ns period=10.000ns})
  Destination:            semseg_one2many/an_ff_reg[2]_lopt_replica/D
                            (rising edge-triggered cell FDPE clocked by sys_clk_pin  {rise@0.000ns fall@5.000ns period=10.000ns})
  Path Group:             sys_clk_pin
  Path Type:              Hold (Min at Fast Process Corner)
  Requirement:            0.000ns  (sys_clk_pin rise@0.000ns - sys_clk_pin rise@0.000ns)
  Data Path Delay:        0.331ns  (logic 0.164ns (49.562%)  route 0.167ns (50.438%))
  Logic Levels:           0  
  Clock Path Skew:        0.017ns (DCD - SCD - CPR)
    Destination Clock Delay (DCD):    2.035ns
    Source Clock Delay      (SCD):    1.515ns
    Clock Pessimism Removal (CPR):    0.502ns

    Location             Delay type                Incr(ns)  Path(ns)    Netlist Resource(s)
  -------------------------------------------------------------------    -------------------
                         (clock sys_clk_pin rise edge)
                                                      0.000     0.000 r  
    E3                                                0.000     0.000 r  clk_i (IN)
                         net (fo=0)                   0.000     0.000    clk_i
    E3                   IBUF (Prop_ibuf_I_O)         0.250     0.250 r  clk_i_IBUF_inst/O
                         net (fo=1, routed)           0.644     0.894    clk_i_IBUF
    BUFGCTRL_X0Y16       BUFG (Prop_bufg_I_O)         0.026     0.920 r  clk_i_IBUF_BUFG_inst/O
                         net (fo=44, routed)          0.596     1.515    semseg_one2many/CLK
    SLICE_X2Y110         FDPE                                         r  semseg_one2many/an_ff_reg[1]/C
  -------------------------------------------------------------------    -------------------
    SLICE_X2Y110         FDPE (Prop_fdpe_C_Q)         0.164     1.679 r  semseg_one2many/an_ff_reg[1]/Q
                         net (fo=17, routed)          0.167     1.846    semseg_one2many/Q[1]
    SLICE_X1Y109         FDPE                                         r  semseg_one2many/an_ff_reg[2]_lopt_replica/D
  -------------------------------------------------------------------    -------------------

                         (clock sys_clk_pin rise edge)
                                                      0.000     0.000 r  
    E3                                                0.000     0.000 r  clk_i (IN)
                         net (fo=0)                   0.000     0.000    clk_i
    E3                   IBUF (Prop_ibuf_I_O)         0.438     0.438 r  clk_i_IBUF_inst/O
                         net (fo=1, routed)           0.699     1.136    clk_i_IBUF
    BUFGCTRL_X0Y16       BUFG (Prop_bufg_I_O)         0.029     1.165 r  clk_i_IBUF_BUFG_inst/O
                         net (fo=44, routed)          0.870     2.035    semseg_one2many/CLK
    SLICE_X1Y109         FDPE                                         r  semseg_one2many/an_ff_reg[2]_lopt_replica/C
                         clock pessimism             -0.502     1.532    
    SLICE_X1Y109         FDPE (Hold_fdpe_C_D)         0.066     1.598    semseg_one2many/an_ff_reg[2]_lopt_replica
  -------------------------------------------------------------------
                         required time                         -1.598    
                         arrival time                           1.846    
  -------------------------------------------------------------------
                         slack                                  0.248    

Slack (MET) :             0.249ns  (arrival time - required time)
  Source:                 sync/sync_buffer_ff_reg[0]/C
                            (rising edge-triggered cell FDRE clocked by sys_clk_pin  {rise@0.000ns fall@5.000ns period=10.000ns})
  Destination:            sync/sync_buffer_ff_reg[1]/D
                            (rising edge-triggered cell FDRE clocked by sys_clk_pin  {rise@0.000ns fall@5.000ns period=10.000ns})
  Path Group:             sys_clk_pin
  Path Type:              Hold (Min at Fast Process Corner)
  Requirement:            0.000ns  (sys_clk_pin rise@0.000ns - sys_clk_pin rise@0.000ns)
  Data Path Delay:        0.315ns  (logic 0.141ns (44.783%)  route 0.174ns (55.217%))
  Logic Levels:           0  
  Clock Path Skew:        0.000ns (DCD - SCD - CPR)
    Destination Clock Delay (DCD):    2.002ns
    Source Clock Delay      (SCD):    1.485ns
    Clock Pessimism Removal (CPR):    0.516ns

    Location             Delay type                Incr(ns)  Path(ns)    Netlist Resource(s)
  -------------------------------------------------------------------    -------------------
                         (clock sys_clk_pin rise edge)
                                                      0.000     0.000 r  
    E3                                                0.000     0.000 r  clk_i (IN)
                         net (fo=0)                   0.000     0.000    clk_i
    E3                   IBUF (Prop_ibuf_I_O)         0.250     0.250 r  clk_i_IBUF_inst/O
                         net (fo=1, routed)           0.644     0.894    clk_i_IBUF
    BUFGCTRL_X0Y16       BUFG (Prop_bufg_I_O)         0.026     0.920 r  clk_i_IBUF_BUFG_inst/O
                         net (fo=44, routed)          0.566     1.485    sync/CLK
    SLICE_X48Y96         FDRE                                         r  sync/sync_buffer_ff_reg[0]/C
  -------------------------------------------------------------------    -------------------
    SLICE_X48Y96         FDRE (Prop_fdre_C_Q)         0.141     1.626 r  sync/sync_buffer_ff_reg[0]/Q
                         net (fo=1, routed)           0.174     1.800    sync/sync_buffer_next[1]
    SLICE_X48Y96         FDRE                                         r  sync/sync_buffer_ff_reg[1]/D
  -------------------------------------------------------------------    -------------------

                         (clock sys_clk_pin rise edge)
                                                      0.000     0.000 r  
    E3                                                0.000     0.000 r  clk_i (IN)
                         net (fo=0)                   0.000     0.000    clk_i
    E3                   IBUF (Prop_ibuf_I_O)         0.438     0.438 r  clk_i_IBUF_inst/O
                         net (fo=1, routed)           0.699     1.136    clk_i_IBUF
    BUFGCTRL_X0Y16       BUFG (Prop_bufg_I_O)         0.029     1.165 r  clk_i_IBUF_BUFG_inst/O
                         net (fo=44, routed)          0.837     2.002    sync/CLK
    SLICE_X48Y96         FDRE                                         r  sync/sync_buffer_ff_reg[1]/C
                         clock pessimism             -0.516     1.485    
    SLICE_X48Y96         FDRE (Hold_fdre_C_D)         0.066     1.551    sync/sync_buffer_ff_reg[1]
  -------------------------------------------------------------------
                         required time                         -1.551    
                         arrival time                           1.800    
  -------------------------------------------------------------------
                         slack                                  0.249    

Slack (MET) :             0.251ns  (arrival time - required time)
  Source:                 semseg_one2many/counter_ff_reg[6]/C
                            (rising edge-triggered cell FDCE clocked by sys_clk_pin  {rise@0.000ns fall@5.000ns period=10.000ns})
  Destination:            semseg_one2many/counter_ff_reg[9]/D
                            (rising edge-triggered cell FDCE clocked by sys_clk_pin  {rise@0.000ns fall@5.000ns period=10.000ns})
  Path Group:             sys_clk_pin
  Path Type:              Hold (Min at Fast Process Corner)
  Requirement:            0.000ns  (sys_clk_pin rise@0.000ns - sys_clk_pin rise@0.000ns)
  Data Path Delay:        0.358ns  (logic 0.184ns (51.423%)  route 0.174ns (48.577%))
  Logic Levels:           1  (LUT5=1)
  Clock Path Skew:        0.000ns (DCD - SCD - CPR)
    Destination Clock Delay (DCD):    2.029ns
    Source Clock Delay      (SCD):    1.512ns
    Clock Pessimism Removal (CPR):    0.516ns

    Location             Delay type                Incr(ns)  Path(ns)    Netlist Resource(s)
  -------------------------------------------------------------------    -------------------
                         (clock sys_clk_pin rise edge)
                                                      0.000     0.000 r  
    E3                                                0.000     0.000 r  clk_i (IN)
                         net (fo=0)                   0.000     0.000    clk_i
    E3                   IBUF (Prop_ibuf_I_O)         0.250     0.250 r  clk_i_IBUF_inst/O
                         net (fo=1, routed)           0.644     0.894    clk_i_IBUF
    BUFGCTRL_X0Y16       BUFG (Prop_bufg_I_O)         0.026     0.920 r  clk_i_IBUF_BUFG_inst/O
                         net (fo=44, routed)          0.593     1.512    semseg_one2many/CLK
    SLICE_X0Y116         FDCE                                         r  semseg_one2many/counter_ff_reg[6]/C
  -------------------------------------------------------------------    -------------------
    SLICE_X0Y116         FDCE (Prop_fdce_C_Q)         0.141     1.653 r  semseg_one2many/counter_ff_reg[6]/Q
                         net (fo=5, routed)           0.174     1.827    semseg_one2many/counter_ff_reg[6]
    SLICE_X0Y116         LUT5 (Prop_lut5_I1_O)        0.043     1.870 r  semseg_one2many/counter_ff[9]_i_1/O
                         net (fo=1, routed)           0.000     1.870    semseg_one2many/counter_next[9]
    SLICE_X0Y116         FDCE                                         r  semseg_one2many/counter_ff_reg[9]/D
  -------------------------------------------------------------------    -------------------

                         (clock sys_clk_pin rise edge)
                                                      0.000     0.000 r  
    E3                                                0.000     0.000 r  clk_i (IN)
                         net (fo=0)                   0.000     0.000    clk_i
    E3                   IBUF (Prop_ibuf_I_O)         0.438     0.438 r  clk_i_IBUF_inst/O
                         net (fo=1, routed)           0.699     1.136    clk_i_IBUF
    BUFGCTRL_X0Y16       BUFG (Prop_bufg_I_O)         0.029     1.165 r  clk_i_IBUF_BUFG_inst/O
                         net (fo=44, routed)          0.864     2.029    semseg_one2many/CLK
    SLICE_X0Y116         FDCE                                         r  semseg_one2many/counter_ff_reg[9]/C
                         clock pessimism             -0.516     1.512    
    SLICE_X0Y116         FDCE (Hold_fdce_C_D)         0.107     1.619    semseg_one2many/counter_ff_reg[9]
  -------------------------------------------------------------------
                         required time                         -1.619    
                         arrival time                           1.870    
  -------------------------------------------------------------------
                         slack                                  0.251    





Pulse Width Checks
--------------------------------------------------------------------------------------
Clock Name:         sys_clk_pin
Waveform(ns):       { 0.000 5.000 }
Period(ns):         10.000
Sources:            { clk_i }

Check Type        Corner  Lib Pin  Reference Pin  Required(ns)  Actual(ns)  Slack(ns)  Location        Pin
Min Period        n/a     BUFG/I   n/a            2.155         10.000      7.845      BUFGCTRL_X0Y16  clk_i_IBUF_BUFG_inst/I
Min Period        n/a     FDCE/C   n/a            1.000         10.000      9.000      SLICE_X1Y116    semseg_one2many/counter_ff_reg[0]/C
Min Period        n/a     FDCE/C   n/a            1.000         10.000      9.000      SLICE_X0Y117    semseg_one2many/counter_ff_reg[1]/C
Min Period        n/a     FDCE/C   n/a            1.000         10.000      9.000      SLICE_X0Y117    semseg_one2many/counter_ff_reg[2]/C
Min Period        n/a     FDCE/C   n/a            1.000         10.000      9.000      SLICE_X1Y116    semseg_one2many/counter_ff_reg[3]/C
Min Period        n/a     FDRE/C   n/a            1.000         10.000      9.000      SLICE_X49Y94    debounce/counter_ff_reg[0]/C
Min Period        n/a     FDRE/C   n/a            1.000         10.000      9.000      SLICE_X49Y96    debounce/counter_ff_reg[10]/C
Min Period        n/a     FDRE/C   n/a            1.000         10.000      9.000      SLICE_X49Y96    debounce/counter_ff_reg[11]/C
Min Period        n/a     FDRE/C   n/a            1.000         10.000      9.000      SLICE_X49Y97    debounce/counter_ff_reg[12]/C
Min Period        n/a     FDRE/C   n/a            1.000         10.000      9.000      SLICE_X49Y97    debounce/counter_ff_reg[13]/C
Low Pulse Width   Slow    FDCE/C   n/a            0.500         5.000       4.500      SLICE_X1Y116    semseg_one2many/counter_ff_reg[0]/C
Low Pulse Width   Slow    FDCE/C   n/a            0.500         5.000       4.500      SLICE_X1Y116    semseg_one2many/counter_ff_reg[3]/C
Low Pulse Width   Slow    FDCE/C   n/a            0.500         5.000       4.500      SLICE_X1Y116    semseg_one2many/counter_ff_reg[4]/C
Low Pulse Width   Slow    FDCE/C   n/a            0.500         5.000       4.500      SLICE_X1Y116    semseg_one2many/counter_ff_reg[5]/C
Low Pulse Width   Slow    FDCE/C   n/a            0.500         5.000       4.500      SLICE_X0Y116    semseg_one2many/counter_ff_reg[6]/C
Low Pulse Width   Slow    FDCE/C   n/a            0.500         5.000       4.500      SLICE_X0Y116    semseg_one2many/counter_ff_reg[7]/C
Low Pulse Width   Slow    FDCE/C   n/a            0.500         5.000       4.500      SLICE_X0Y116    semseg_one2many/counter_ff_reg[8]/C
Low Pulse Width   Slow    FDCE/C   n/a            0.500         5.000       4.500      SLICE_X0Y116    semseg_one2many/counter_ff_reg[9]/C
Low Pulse Width   Slow    FDCE/C   n/a            0.500         5.000       4.500      SLICE_X0Y108    semseg_one2many/an_ff_reg[0]_lopt_replica/C
Low Pulse Width   Slow    FDPE/C   n/a            0.500         5.000       4.500      SLICE_X2Y111    semseg_one2many/an_ff_reg[3]_lopt_replica/C
High Pulse Width  Slow    FDCE/C   n/a            0.500         5.000       4.500      SLICE_X1Y116    semseg_one2many/counter_ff_reg[0]/C
High Pulse Width  Fast    FDCE/C   n/a            0.500         5.000       4.500      SLICE_X1Y116    semseg_one2many/counter_ff_reg[0]/C
High Pulse Width  Slow    FDCE/C   n/a            0.500         5.000       4.500      SLICE_X0Y117    semseg_one2many/counter_ff_reg[1]/C
High Pulse Width  Fast    FDCE/C   n/a            0.500         5.000       4.500      SLICE_X0Y117    semseg_one2many/counter_ff_reg[1]/C
High Pulse Width  Slow    FDCE/C   n/a            0.500         5.000       4.500      SLICE_X0Y117    semseg_one2many/counter_ff_reg[2]/C
High Pulse Width  Fast    FDCE/C   n/a            0.500         5.000       4.500      SLICE_X0Y117    semseg_one2many/counter_ff_reg[2]/C
High Pulse Width  Slow    FDCE/C   n/a            0.500         5.000       4.500      SLICE_X1Y116    semseg_one2many/counter_ff_reg[3]/C
High Pulse Width  Fast    FDCE/C   n/a            0.500         5.000       4.500      SLICE_X1Y116    semseg_one2many/counter_ff_reg[3]/C
High Pulse Width  Slow    FDRE/C   n/a            0.500         5.000       4.500      SLICE_X49Y94    debounce/counter_ff_reg[0]/C
High Pulse Width  Fast    FDRE/C   n/a            0.500         5.000       4.500      SLICE_X49Y94    debounce/counter_ff_reg[0]/C



